2025-7-18 05:19-debug: =================================== Build Task (web-mobile) Start ================================
2025-7-18 05:19-debug: cocos-service:(onBeforeBuild) start...0%
2025-7-18 05:19-debug: // ---- cocos-service:(onBeforeBuild) ----
2025-7-18 05:19-debug: Build with Cocos Creator 3.6.0
2025-7-18 05:19-debug: Start build task, options:{"name":"掼蛋","platform":"web-mobile","buildPath":"project://build","debug":false,"md5Cache":true,"skipCompressTexture":false,"sourceMaps":false,"polyfills":{"asyncFunctions":true},"experimentalEraseModules":false,"useBuiltinServer":false,"mainBundleIsRemote":false,"mainBundleCompressionType":"merge_dep","replaceSplashScreen":false,"compressTexture":true,"packAutoAtlas":true,"startScene":"61eb39d8-7561-40f3-a268-06dabc8d192a","outputName":"web-mobile","scenes":[{"url":"db://assets/scenes/Game.scene","uuid":"8cd0fb05-2535-4c33-abbf-584bac560df0","inBundle":false},{"url":"db://assets/scenes/Lobby.scene","uuid":"61eb39d8-7561-40f3-a268-06dabc8d192a","inBundle":false}],"web-mobile":[],"packages":{"web-mobile":{"orientation":"landscape","embedWebDebugger":false,"__version__":"1.0.1"},"cocos-service":{"configID":"944002","services":[],"__version__":"3.0.4"}},"__version__":"1.3.3"}
2025-7-18 05:19-debug: Process: heapTotal 209.86MB heapUsed 202.20MB rss 163.40MB
2025-7-18 05:19-debug: // ---- cocos-service:(onBeforeBuild) success ----
2025-7-18 05:19-debug: cocos-service:(onBeforeBuild)2%
2025-7-18 05:19-debug: Query all assets info in project
2025-7-18 05:19-debug: init custom config: keepNodeUuid: false, useCache: true
2025-7-18 05:19-debug: BuildAssetLibrary query-assets with assets 668
2025-7-18 05:19-debug:   Number of all scripts: 94
2025-7-18 05:19-debug: BuildAssetLibrary initialized with asset 1209!
2025-7-18 05:19-debug:   Number of other assets: 1542
2025-7-18 05:19-debug: // ---- web-mobile:(onAfterInit) ----
2025-7-18 05:19-debug: Process: heapTotal 212.02MB heapUsed 204.59MB rss 166.59MB
2025-7-18 05:19-error: Error: Run build plugin web-mobile:(onAfterInit) failed!    at BuildTask.runPluginTask (C:\ProgramData\cocos\editors\Creator\3.6.0\resources\app.asar\builtin\builder\dist\worker\builder\index.ccc:1:8253)    at BuildTask.build (C:\ProgramData\cocos\editors\Creator\3.6.0\resources\app.asar\builtin\builder\dist\worker\builder\index.ccc:1:2677)    at Ipc.<anonymous> (C:\ProgramData\cocos\editors\Creator\3.6.0\resources\app.asar\builtin\builder\dist\worker\index.ccc:1:4450)
2025-7-18 05:19-error: Error: EPERM: operation not permitted, mkdir 'C:\xuhang\guandan\guandan\build\web-mobile'    at mkdirSync (fs.js:987:3)    at Object.e.mkdirSync (electron/js2c/asar_bundle.js:5:12191)    at Object.<anonymous> (C:\ProgramData\cocos\editors\Creator\3.6.0\resources\app.asar\modules\platform-extensions\node_modules\fs-extra\lib\mkdirs\make-dir.js:101:15)    at Object.emptyDirSync (C:\ProgramData\cocos\editors\Creator\3.6.0\resources\app.asar\modules\platform-extensions\node_modules\fs-extra\lib\empty\index.js:34:18)    at BuildTask.onAfterInit (C:\ProgramData\cocos\editors\Creator\3.6.0\resources\app.asar\modules\platform-extensions\extensions\web-mobile\dist\builder\hooks.ccc:1:486)    at BuildTask.runPluginTask (C:\ProgramData\cocos\editors\Creator\3.6.0\resources\app.asar\builtin\builder\dist\worker\builder\index.ccc:1:7996)    at BuildTask.build (C:\ProgramData\cocos\editors\Creator\3.6.0\resources\app.asar\builtin\builder\dist\worker\builder\index.ccc:1:2688)    at Ipc.<anonymous> (C:\ProgramData\cocos\editors\Creator\3.6.0\resources\app.asar\builtin\builder\dist\worker\index.ccc:1:4450)
2025-7-18 05:19-debug:   Number of all scenes: 2
2025-7-18 05:19-error: Error: EPERM: operation not permitted, mkdir 'C:\xuhang\guandan\guandan\build\web-mobile'    at mkdirSync (fs.js:987:3)    at Object.e.mkdirSync (electron/js2c/asar_bundle.js:5:12191)    at Object.<anonymous> (C:\ProgramData\cocos\editors\Creator\3.6.0\resources\app.asar\modules\platform-extensions\node_modules\fs-extra\lib\mkdirs\make-dir.js:101:15)    at Object.emptyDirSync (C:\ProgramData\cocos\editors\Creator\3.6.0\resources\app.asar\modules\platform-extensions\node_modules\fs-extra\lib\empty\index.js:34:18)    at BuildTask.onAfterInit (C:\ProgramData\cocos\editors\Creator\3.6.0\resources\app.asar\modules\platform-extensions\extensions\web-mobile\dist\builder\hooks.ccc:1:486)    at BuildTask.runPluginTask (C:\ProgramData\cocos\editors\Creator\3.6.0\resources\app.asar\builtin\builder\dist\worker\builder\index.ccc:1:7996)    at BuildTask.build (C:\ProgramData\cocos\editors\Creator\3.6.0\resources\app.asar\builtin\builder\dist\worker\builder\index.ccc:1:2688)    at Ipc.<anonymous> (C:\ProgramData\cocos\editors\Creator\3.6.0\resources\app.asar\builtin\builder\dist\worker\index.ccc:1:4450)
2025-7-18 05:19-debug: web-mobile:(onAfterInit) start...2%
2025-7-18 05:19-debug: ================================ Build Task (web-mobile) Finished ================================
