2025-7-7 21:06-debug: =================================== Build Task (web-mobile) Start ================================
2025-7-7 21:06-debug: cocos-service:(onBeforeBuild) start...0%
2025-7-7 21:06-debug: Build with Cocos Creator 3.6.0
2025-7-7 21:06-debug: // ---- cocos-service:(onBeforeBuild) ----
2025-7-7 21:06-debug: Start build task, options:{"name":"掼蛋","platform":"web-mobile","buildPath":"project://build","debug":false,"md5Cache":true,"skipCompressTexture":false,"sourceMaps":false,"polyfills":{"asyncFunctions":true},"experimentalEraseModules":false,"useBuiltinServer":false,"mainBundleIsRemote":false,"mainBundleCompressionType":"merge_dep","replaceSplashScreen":false,"compressTexture":true,"packAutoAtlas":true,"startScene":"61eb39d8-7561-40f3-a268-06dabc8d192a","outputName":"web-mobile","scenes":[{"url":"db://assets/scenes/Game.scene","uuid":"8cd0fb05-2535-4c33-abbf-584bac560df0","inBundle":false},{"url":"db://assets/scenes/Lobby.scene","uuid":"61eb39d8-7561-40f3-a268-06dabc8d192a","inBundle":false}],"android":[],"packages":{"web-mobile":{"orientation":"landscape","embedWebDebugger":false,"__version__":"1.0.1"},"cocos-service":{"configID":"944002","services":[],"__version__":"3.0.4"}},"__version__":"1.3.3","web-desktop":[],"web-mobile":[]}
2025-7-7 21:06-debug: Process: heapTotal 193.26MB heapUsed 182.80MB rss 200.45MB
2025-7-7 21:06-debug: // ---- cocos-service:(onBeforeBuild) success ----
2025-7-7 21:06-debug: cocos-service:(onBeforeBuild)2%
2025-7-7 21:06-debug: Query all assets info in project
2025-7-7 21:06-debug: init custom config: keepNodeUuid: false, useCache: true
2025-7-7 21:06-debug: BuildAssetLibrary query-assets with assets 638
2025-7-7 21:06-debug: BuildAssetLibrary initialized with asset 1042!
2025-7-7 21:06-debug:   Number of all scripts: 94
2025-7-7 21:06-debug:   Number of other assets: 1238
2025-7-7 21:06-debug: web-mobile:(onAfterInit) start...2%
2025-7-7 21:06-debug: // ---- web-mobile:(onAfterInit) ----
2025-7-7 21:06-debug:   Number of all scenes: 2
2025-7-7 21:06-debug: Process: heapTotal 194.47MB heapUsed 185.21MB rss 205.30MB
2025-7-7 21:06-debug: web-mobile:(onAfterInit)4%
2025-7-7 21:06-debug: cocos-service:(onAfterInit) start...4%
2025-7-7 21:06-debug: // ---- web-mobile:(onAfterInit) success ----
2025-7-7 21:06-debug: Process: heapTotal 194.47MB heapUsed 185.25MB rss 205.41MB
2025-7-7 21:06-debug: // ---- cocos-service:(onAfterInit) ----
2025-7-7 21:06-debug: // ---- cocos-service:(onAfterInit) success ----
2025-7-7 21:06-debug: cocos-service:(onAfterInit)7%
2025-7-7 21:06-debug: localization-editor:(onAfterInit) start...7%
2025-7-7 21:06-debug: // ---- localization-editor:(onAfterInit) ----
2025-7-7 21:06-debug: Process: heapTotal 198.97MB heapUsed 184.80MB rss 205.11MB
2025-7-7 21:06-debug: // ---- localization-editor:(onAfterInit) success ----
2025-7-7 21:06-debug: localization-editor:(onAfterInit)9%
2025-7-7 21:06-debug: 加载刷新项目脚本 start9%
2025-7-7 21:06-log: // ---- 加载刷新项目脚本 ----
2025-7-7 21:06-debug: Process: heapTotal 198.97MB heapUsed 184.84MB rss 205.12MB
2025-7-7 21:06-debug: reload all scripts.
2025-7-7 21:06-debug: Incremental keys: 
2025-7-7 21:06-debug: Set detail map pack:///resolution-detail-map.json: {}
2025-7-7 21:06-debug: D:\xuhang\guan_dan\temp\programming\packer-driver\targets\editor\chunks\ca\ca4374a3008ca85000d465787e739a302e4e4ac6.js resolved to D:\xuhang\guan_dan\temp\programming\packer-driver\targets\editor\chunks\ca\ca4374a3008ca85000d465787e739a302e4e4ac6.js is not in module cache!
2025-7-7 21:06-debug: [[Executor]] Module "cce:/internal/x/cc-fu/base" loaded.
2025-7-7 21:06-debug: [[Executor]] Module "cce:/internal/x/cc-fu/gfx-webgl" loaded.
2025-7-7 21:06-debug: [[Executor]] Module "cce:/internal/x/cc-fu/animation" loaded.
2025-7-7 21:06-debug: [[Executor]] Module "cce:/internal/x/cc-fu/gfx-webgl2" loaded.
2025-7-7 21:06-debug: [[Executor]] Module "cce:/internal/x/cc-fu/skeletal-animation" loaded.
2025-7-7 21:06-debug: [[Executor]] Module "cce:/internal/x/cc-fu/2d" loaded.
2025-7-7 21:06-debug: [[Executor]] Module "cce:/internal/x/cc-fu/3d" loaded.
2025-7-7 21:06-debug: [[Executor]] Module "cce:/internal/x/cc-fu/particle" loaded.
2025-7-7 21:06-debug: [[Executor]] Module "cce:/internal/x/cc-fu/particle-2d" loaded.
2025-7-7 21:06-debug: [[Executor]] Module "cce:/internal/x/cc-fu/physics-framework" loaded.
2025-7-7 21:06-debug: [[Executor]] Module "cce:/internal/x/cc-fu/physics-2d-framework" loaded.
2025-7-7 21:06-debug: [[Executor]] Module "cce:/internal/x/cc-fu/ui" loaded.
2025-7-7 21:06-debug: [[Executor]] Module "cce:/internal/x/cc-fu/primitive" loaded.
2025-7-7 21:06-debug: [[Executor]] Module "cce:/internal/x/cc-fu/intersection-2d" loaded.
2025-7-7 21:06-debug: [[Executor]] Module "cce:/internal/x/cc-fu/profiler" loaded.
2025-7-7 21:06-debug: [[Executor]] Module "cce:/internal/x/cc-fu/geometry-renderer" loaded.
2025-7-7 21:06-debug: [[Executor]] Module "cce:/internal/x/cc-fu/video" loaded.
2025-7-7 21:06-debug: [[Executor]] Module "cce:/internal/x/cc-fu/audio" loaded.
2025-7-7 21:06-debug: [[Executor]] Module "cce:/internal/x/cc-fu/webview" loaded.
2025-7-7 21:06-debug: [[Executor]] Module "cce:/internal/x/cc-fu/terrain" loaded.
2025-7-7 21:06-debug: [[Executor]] Module "cce:/internal/x/cc-fu/tween" loaded.
2025-7-7 21:06-debug: [[Executor]] Module "cce:/internal/x/cc-fu/spine" loaded.
2025-7-7 21:06-debug: [[Executor]] Module "cce:/internal/x/cc-fu/tiled-map" loaded.
2025-7-7 21:06-debug: [[Executor]] Module "cce:/internal/x/cc-fu/dragon-bones" loaded.
2025-7-7 21:06-debug: [[Executor]] Module "cce:/internal/x/cc-fu/custom-pipeline" loaded.
2025-7-7 21:06-debug: [[Executor]] Module "cce:/internal/x/cc-fu/base" loaded.
2025-7-7 21:06-debug: [[Executor]] Module "cce:/internal/x/cc-fu/gfx-webgl" loaded.
2025-7-7 21:06-debug: [[Executor]] Module "cce:/internal/x/cc-fu/gfx-webgl2" loaded.
2025-7-7 21:06-debug: [[Executor]] Module "cce:/internal/x/cc-fu/animation" loaded.
2025-7-7 21:06-debug: [[Executor]] Module "cce:/internal/x/cc-fu/skeletal-animation" loaded.
2025-7-7 21:06-debug: [[Executor]] Module "cce:/internal/x/cc-fu/3d" loaded.
2025-7-7 21:06-debug: [[Executor]] Module "cce:/internal/x/cc-fu/ui" loaded.
2025-7-7 21:06-debug: [[Executor]] Module "cce:/internal/x/cc-fu/particle" loaded.
2025-7-7 21:06-debug: [[Executor]] Module "cce:/internal/x/cc-fu/particle-2d" loaded.
2025-7-7 21:06-debug: [[Executor]] Module "cce:/internal/x/cc-fu/physics-framework" loaded.
2025-7-7 21:06-debug: [[Executor]] Module "cce:/internal/x/cc-fu/physics-2d-framework" loaded.
2025-7-7 21:06-debug: [[Executor]] Module "cce:/internal/x/cc-fu/2d" loaded.
2025-7-7 21:06-debug: [[Executor]] Module "cce:/internal/x/cc-fu/intersection-2d" loaded.
2025-7-7 21:06-debug: [[Executor]] Module "cce:/internal/x/cc-fu/primitive" loaded.
2025-7-7 21:06-debug: [[Executor]] Module "cce:/internal/x/cc-fu/profiler" loaded.
2025-7-7 21:06-debug: [[Executor]] Module "cce:/internal/x/cc-fu/geometry-renderer" loaded.
2025-7-7 21:06-debug: [[Executor]] Module "cce:/internal/x/cc-fu/audio" loaded.
2025-7-7 21:06-debug: [[Executor]] Module "cce:/internal/x/cc-fu/video" loaded.
2025-7-7 21:06-debug: [[Executor]] Module "cce:/internal/x/cc-fu/terrain" loaded.
2025-7-7 21:06-debug: [[Executor]] Module "cce:/internal/x/cc-fu/tween" loaded.
2025-7-7 21:06-debug: [[Executor]] Module "cce:/internal/x/cc-fu/tiled-map" loaded.
2025-7-7 21:06-debug: [[Executor]] Module "cce:/internal/x/cc-fu/spine" loaded.
2025-7-7 21:06-debug: [[Executor]] Module "cce:/internal/x/cc-fu/webview" loaded.
2025-7-7 21:06-debug: [[Executor]] Module "cce:/internal/x/cc-fu/custom-pipeline" loaded.
2025-7-7 21:06-debug: [[Executor]] Module "cce:/internal/x/cc-fu/dragon-bones" loaded.
2025-7-7 21:06-debug: Invalidating 'pack:///chunks/ca/ca4374a3008ca85000d465787e739a302e4e4ac6.js'
2025-7-7 21:06-debug: [[Executor]] Module "pack:///chunks/ca/ca4374a3008ca85000d465787e739a302e4e4ac6.js" loaded.
2025-7-7 21:06-debug: [[Executor]] Module "pack:///chunks/ca/ca4374a3008ca85000d465787e739a302e4e4ac6.js" loaded.
2025-7-7 21:06-debug: D:\xuhang\guan_dan\temp\programming\packer-driver\targets\editor\chunks\97\978b22243191fdd96aabdcebbba296d0810bc72d.js resolved to D:\xuhang\guan_dan\temp\programming\packer-driver\targets\editor\chunks\97\978b22243191fdd96aabdcebbba296d0810bc72d.js is not in module cache!
2025-7-7 21:06-debug: [[Executor]] Module "pack:///chunks/97/978b22243191fdd96aabdcebbba296d0810bc72d.js" loaded.
2025-7-7 21:06-debug: D:\xuhang\guan_dan\temp\programming\packer-driver\targets\editor\chunks\6a\6ad1a6ec4e01e157e476f8caef2f49c2f9f29c7f.js resolved to D:\xuhang\guan_dan\temp\programming\packer-driver\targets\editor\chunks\6a\6ad1a6ec4e01e157e476f8caef2f49c2f9f29c7f.js is not in module cache!
2025-7-7 21:06-debug: D:\xuhang\guan_dan\temp\programming\packer-driver\targets\editor\chunks\84\843e8ce1b592ec2fb3fee03df3224090f36e35b1.js resolved to D:\xuhang\guan_dan\temp\programming\packer-driver\targets\editor\chunks\84\843e8ce1b592ec2fb3fee03df3224090f36e35b1.js is not in module cache!
2025-7-7 21:06-debug: D:\xuhang\guan_dan\temp\programming\packer-driver\targets\editor\chunks\09\09244520f33f681a3e2259ec0f06fc8319fe985e.js resolved to D:\xuhang\guan_dan\temp\programming\packer-driver\targets\editor\chunks\09\09244520f33f681a3e2259ec0f06fc8319fe985e.js is not in module cache!
2025-7-7 21:06-debug: D:\xuhang\guan_dan\temp\programming\packer-driver\targets\editor\chunks\84\84741ad843cea9a440c5d8c2d379669b6551400d.js resolved to D:\xuhang\guan_dan\temp\programming\packer-driver\targets\editor\chunks\84\84741ad843cea9a440c5d8c2d379669b6551400d.js is not in module cache!
2025-7-7 21:06-debug: D:\xuhang\guan_dan\temp\programming\packer-driver\targets\editor\chunks\89\894435cab628b6eea0effbfa111ddc6357679b42.js resolved to D:\xuhang\guan_dan\temp\programming\packer-driver\targets\editor\chunks\89\894435cab628b6eea0effbfa111ddc6357679b42.js is not in module cache!
2025-7-7 21:06-debug: D:\xuhang\guan_dan\temp\programming\packer-driver\targets\editor\chunks\dc\dc5ee015b4ad7a0c542d8dcb9b947268c1be0f23.js resolved to D:\xuhang\guan_dan\temp\programming\packer-driver\targets\editor\chunks\dc\dc5ee015b4ad7a0c542d8dcb9b947268c1be0f23.js is not in module cache!
2025-7-7 21:06-debug: D:\xuhang\guan_dan\temp\programming\packer-driver\targets\editor\chunks\89\891e2793336f4d2b050ce51af8abbec910430923.js resolved to D:\xuhang\guan_dan\temp\programming\packer-driver\targets\editor\chunks\89\891e2793336f4d2b050ce51af8abbec910430923.js is not in module cache!
2025-7-7 21:06-debug: D:\xuhang\guan_dan\temp\programming\packer-driver\targets\editor\chunks\75\751076288163a0b0b6dab3393053b2feacd6ac73.js resolved to D:\xuhang\guan_dan\temp\programming\packer-driver\targets\editor\chunks\75\751076288163a0b0b6dab3393053b2feacd6ac73.js is not in module cache!
2025-7-7 21:06-debug: D:\xuhang\guan_dan\temp\programming\packer-driver\targets\editor\chunks\b5\b51d70d60f859e5dc1df7cf8c71d18da6115e4da.js resolved to D:\xuhang\guan_dan\temp\programming\packer-driver\targets\editor\chunks\b5\b51d70d60f859e5dc1df7cf8c71d18da6115e4da.js is not in module cache!
2025-7-7 21:06-debug: D:\xuhang\guan_dan\temp\programming\packer-driver\targets\editor\chunks\a2\a26c016a6492f545080c2e4d1cfbacfc1f6335d7.js resolved to D:\xuhang\guan_dan\temp\programming\packer-driver\targets\editor\chunks\a2\a26c016a6492f545080c2e4d1cfbacfc1f6335d7.js is not in module cache!
2025-7-7 21:06-debug: D:\xuhang\guan_dan\temp\programming\packer-driver\targets\editor\chunks\ca\ca6a6a96dbaad5e56a62ca229daa52ea67788549.js resolved to D:\xuhang\guan_dan\temp\programming\packer-driver\targets\editor\chunks\ca\ca6a6a96dbaad5e56a62ca229daa52ea67788549.js is not in module cache!
2025-7-7 21:06-debug: D:\xuhang\guan_dan\temp\programming\packer-driver\targets\editor\chunks\00\00627e8efb93f6018e6f9ca6b9bc9163e5488d6f.js resolved to D:\xuhang\guan_dan\temp\programming\packer-driver\targets\editor\chunks\00\00627e8efb93f6018e6f9ca6b9bc9163e5488d6f.js is not in module cache!
2025-7-7 21:06-debug: D:\xuhang\guan_dan\temp\programming\packer-driver\targets\editor\chunks\ed\ed43f35368d95ee4c7d7ecd4cacbe7dc7446d971.js resolved to D:\xuhang\guan_dan\temp\programming\packer-driver\targets\editor\chunks\ed\ed43f35368d95ee4c7d7ecd4cacbe7dc7446d971.js is not in module cache!
2025-7-7 21:06-debug: D:\xuhang\guan_dan\temp\programming\packer-driver\targets\editor\chunks\b2\b2eb4819de22e639444e8d156b92b471389773f9.js resolved to D:\xuhang\guan_dan\temp\programming\packer-driver\targets\editor\chunks\b2\b2eb4819de22e639444e8d156b92b471389773f9.js is not in module cache!
2025-7-7 21:06-debug: D:\xuhang\guan_dan\temp\programming\packer-driver\targets\editor\chunks\ed\ed98681b1336aa276788093f6be43215d472a55c.js resolved to D:\xuhang\guan_dan\temp\programming\packer-driver\targets\editor\chunks\ed\ed98681b1336aa276788093f6be43215d472a55c.js is not in module cache!
2025-7-7 21:06-debug: D:\xuhang\guan_dan\temp\programming\packer-driver\targets\editor\chunks\25\257bb4466271cb51db2154b27dd5c1bac4fe11c5.js resolved to D:\xuhang\guan_dan\temp\programming\packer-driver\targets\editor\chunks\25\257bb4466271cb51db2154b27dd5c1bac4fe11c5.js is not in module cache!
2025-7-7 21:06-debug: D:\xuhang\guan_dan\temp\programming\packer-driver\targets\editor\chunks\50\50484bbd8d0e2e4c2d2867c972a7103e20da8327.js resolved to D:\xuhang\guan_dan\temp\programming\packer-driver\targets\editor\chunks\50\50484bbd8d0e2e4c2d2867c972a7103e20da8327.js is not in module cache!
2025-7-7 21:06-debug: D:\xuhang\guan_dan\temp\programming\packer-driver\targets\editor\chunks\ac\ac842e843ea3f39b4d059838cabd82f3257bc9b7.js resolved to D:\xuhang\guan_dan\temp\programming\packer-driver\targets\editor\chunks\ac\ac842e843ea3f39b4d059838cabd82f3257bc9b7.js is not in module cache!
2025-7-7 21:06-debug: D:\xuhang\guan_dan\temp\programming\packer-driver\targets\editor\chunks\50\50866aa6fc45d3ce002db86fac6d028c473ab36c.js resolved to D:\xuhang\guan_dan\temp\programming\packer-driver\targets\editor\chunks\50\50866aa6fc45d3ce002db86fac6d028c473ab36c.js is not in module cache!
2025-7-7 21:06-debug: D:\xuhang\guan_dan\temp\programming\packer-driver\targets\editor\chunks\0c\0c047a52bedefb845703202df9a0ec630d0ac064.js resolved to D:\xuhang\guan_dan\temp\programming\packer-driver\targets\editor\chunks\0c\0c047a52bedefb845703202df9a0ec630d0ac064.js is not in module cache!
2025-7-7 21:06-debug: D:\xuhang\guan_dan\temp\programming\packer-driver\targets\editor\chunks\34\34fe26d5f84c18623a306d804fe8cbef3f47715e.js resolved to D:\xuhang\guan_dan\temp\programming\packer-driver\targets\editor\chunks\34\34fe26d5f84c18623a306d804fe8cbef3f47715e.js is not in module cache!
2025-7-7 21:06-debug: D:\xuhang\guan_dan\temp\programming\packer-driver\targets\editor\chunks\7e\7eed9a650521f3f23fbb5abe3abc7798d48706dc.js resolved to D:\xuhang\guan_dan\temp\programming\packer-driver\targets\editor\chunks\7e\7eed9a650521f3f23fbb5abe3abc7798d48706dc.js is not in module cache!
2025-7-7 21:06-debug: D:\xuhang\guan_dan\temp\programming\packer-driver\targets\editor\chunks\92\92b2814cbea309ce7748b6668433690b86451d60.js resolved to D:\xuhang\guan_dan\temp\programming\packer-driver\targets\editor\chunks\92\92b2814cbea309ce7748b6668433690b86451d60.js is not in module cache!
2025-7-7 21:06-debug: D:\xuhang\guan_dan\temp\programming\packer-driver\targets\editor\chunks\27\279ea61c4ee625e40328fc620dd862cb1a498f81.js resolved to D:\xuhang\guan_dan\temp\programming\packer-driver\targets\editor\chunks\27\279ea61c4ee625e40328fc620dd862cb1a498f81.js is not in module cache!
2025-7-7 21:06-debug: D:\xuhang\guan_dan\temp\programming\packer-driver\targets\editor\chunks\68\684f4e99969d41f9ec4d81fd2b0e0408b664f6ee.js resolved to D:\xuhang\guan_dan\temp\programming\packer-driver\targets\editor\chunks\68\684f4e99969d41f9ec4d81fd2b0e0408b664f6ee.js is not in module cache!
2025-7-7 21:06-debug: D:\xuhang\guan_dan\temp\programming\packer-driver\targets\editor\chunks\da\daf1c7ff3b445a7fc74ebc62d1161fe08e3ed361.js resolved to D:\xuhang\guan_dan\temp\programming\packer-driver\targets\editor\chunks\da\daf1c7ff3b445a7fc74ebc62d1161fe08e3ed361.js is not in module cache!
2025-7-7 21:06-debug: D:\xuhang\guan_dan\temp\programming\packer-driver\targets\editor\chunks\db\db49c7d139b8d6660eec19d8f672e91232e8f32b.js resolved to D:\xuhang\guan_dan\temp\programming\packer-driver\targets\editor\chunks\db\db49c7d139b8d6660eec19d8f672e91232e8f32b.js is not in module cache!
2025-7-7 21:06-debug: D:\xuhang\guan_dan\temp\programming\packer-driver\targets\editor\chunks\f0\f0fed9b6f3757fad068132c207b21d0fb4aecc19.js resolved to D:\xuhang\guan_dan\temp\programming\packer-driver\targets\editor\chunks\f0\f0fed9b6f3757fad068132c207b21d0fb4aecc19.js is not in module cache!
2025-7-7 21:06-debug: D:\xuhang\guan_dan\temp\programming\packer-driver\targets\editor\chunks\ab\ab170326d72ee86ca355e22bd8d222e65be10230.js resolved to D:\xuhang\guan_dan\temp\programming\packer-driver\targets\editor\chunks\ab\ab170326d72ee86ca355e22bd8d222e65be10230.js is not in module cache!
2025-7-7 21:06-debug: D:\xuhang\guan_dan\temp\programming\packer-driver\targets\editor\chunks\93\93fb31e35c6720352a03543efbaef9f166d4fa28.js resolved to D:\xuhang\guan_dan\temp\programming\packer-driver\targets\editor\chunks\93\93fb31e35c6720352a03543efbaef9f166d4fa28.js is not in module cache!
2025-7-7 21:06-debug: D:\xuhang\guan_dan\temp\programming\packer-driver\targets\editor\chunks\08\08187ccb455c8067887d8271c911042c073a655b.js resolved to D:\xuhang\guan_dan\temp\programming\packer-driver\targets\editor\chunks\08\08187ccb455c8067887d8271c911042c073a655b.js is not in module cache!
2025-7-7 21:06-debug: D:\xuhang\guan_dan\temp\programming\packer-driver\targets\editor\chunks\2a\2a7fdc45ca67b9c583fb3cba04c8fb879c4c6871.js resolved to D:\xuhang\guan_dan\temp\programming\packer-driver\targets\editor\chunks\2a\2a7fdc45ca67b9c583fb3cba04c8fb879c4c6871.js is not in module cache!
2025-7-7 21:06-debug: D:\xuhang\guan_dan\temp\programming\packer-driver\targets\editor\chunks\9a\9a936d12429a3b66c677bcb2a4279d98bd9d38c7.js resolved to D:\xuhang\guan_dan\temp\programming\packer-driver\targets\editor\chunks\9a\9a936d12429a3b66c677bcb2a4279d98bd9d38c7.js is not in module cache!
2025-7-7 21:06-debug: D:\xuhang\guan_dan\temp\programming\packer-driver\targets\editor\chunks\0b\0bd888da854dcc4d896a59f91b8c9e329c7541d8.js resolved to D:\xuhang\guan_dan\temp\programming\packer-driver\targets\editor\chunks\0b\0bd888da854dcc4d896a59f91b8c9e329c7541d8.js is not in module cache!
2025-7-7 21:06-debug: D:\xuhang\guan_dan\temp\programming\packer-driver\targets\editor\chunks\31\3172777b85934dd0738e98daf2b2d1c7ad1b4f49.js resolved to D:\xuhang\guan_dan\temp\programming\packer-driver\targets\editor\chunks\31\3172777b85934dd0738e98daf2b2d1c7ad1b4f49.js is not in module cache!
2025-7-7 21:06-debug: D:\xuhang\guan_dan\temp\programming\packer-driver\targets\editor\chunks\fb\fb1e6face03887d3b34bdaa2402eeca0faaa628e.js resolved to D:\xuhang\guan_dan\temp\programming\packer-driver\targets\editor\chunks\fb\fb1e6face03887d3b34bdaa2402eeca0faaa628e.js is not in module cache!
2025-7-7 21:06-debug: D:\xuhang\guan_dan\temp\programming\packer-driver\targets\editor\chunks\ab\ab6003d47536297f8c3cec827dd5f7bdb0ecfcfe.js resolved to D:\xuhang\guan_dan\temp\programming\packer-driver\targets\editor\chunks\ab\ab6003d47536297f8c3cec827dd5f7bdb0ecfcfe.js is not in module cache!
2025-7-7 21:06-debug: D:\xuhang\guan_dan\temp\programming\packer-driver\targets\editor\chunks\4e\4e67b444779f2757120dd4a1f315915eb8e533d4.js resolved to D:\xuhang\guan_dan\temp\programming\packer-driver\targets\editor\chunks\4e\4e67b444779f2757120dd4a1f315915eb8e533d4.js is not in module cache!
2025-7-7 21:06-debug: D:\xuhang\guan_dan\temp\programming\packer-driver\targets\editor\chunks\2e\2e3bec86ad952f8e4429cc9c5f3472fa2bff73cc.js resolved to D:\xuhang\guan_dan\temp\programming\packer-driver\targets\editor\chunks\2e\2e3bec86ad952f8e4429cc9c5f3472fa2bff73cc.js is not in module cache!
2025-7-7 21:06-debug: D:\xuhang\guan_dan\temp\programming\packer-driver\targets\editor\chunks\2d\2dae0f3b58851e9196b3a53f551c7894696a73ee.js resolved to D:\xuhang\guan_dan\temp\programming\packer-driver\targets\editor\chunks\2d\2dae0f3b58851e9196b3a53f551c7894696a73ee.js is not in module cache!
2025-7-7 21:06-debug: D:\xuhang\guan_dan\temp\programming\packer-driver\targets\editor\chunks\58\58622f7375475523f21ea72c80148e7863a693c8.js resolved to D:\xuhang\guan_dan\temp\programming\packer-driver\targets\editor\chunks\58\58622f7375475523f21ea72c80148e7863a693c8.js is not in module cache!
2025-7-7 21:06-debug: D:\xuhang\guan_dan\temp\programming\packer-driver\targets\editor\chunks\e9\e95b742744ac4eb9106ee830ddad6521cba2a61c.js resolved to D:\xuhang\guan_dan\temp\programming\packer-driver\targets\editor\chunks\e9\e95b742744ac4eb9106ee830ddad6521cba2a61c.js is not in module cache!
2025-7-7 21:06-debug: D:\xuhang\guan_dan\temp\programming\packer-driver\targets\editor\chunks\a9\a9b72e23f581c1111e38562a1d73ce4579600437.js resolved to D:\xuhang\guan_dan\temp\programming\packer-driver\targets\editor\chunks\a9\a9b72e23f581c1111e38562a1d73ce4579600437.js is not in module cache!
2025-7-7 21:06-debug: D:\xuhang\guan_dan\temp\programming\packer-driver\targets\editor\chunks\76\766e72cfadd51eb617ccbc2c9fa6dc2243c4fdd6.js resolved to D:\xuhang\guan_dan\temp\programming\packer-driver\targets\editor\chunks\76\766e72cfadd51eb617ccbc2c9fa6dc2243c4fdd6.js is not in module cache!
2025-7-7 21:06-debug: D:\xuhang\guan_dan\temp\programming\packer-driver\targets\editor\chunks\28\282148acef48d458e6edcf40399f4c0560e28d58.js resolved to D:\xuhang\guan_dan\temp\programming\packer-driver\targets\editor\chunks\28\282148acef48d458e6edcf40399f4c0560e28d58.js is not in module cache!
2025-7-7 21:06-debug: D:\xuhang\guan_dan\temp\programming\packer-driver\targets\editor\chunks\ba\bae60ca62bb70808b5d9b76eff52db04d48fa668.js resolved to D:\xuhang\guan_dan\temp\programming\packer-driver\targets\editor\chunks\ba\bae60ca62bb70808b5d9b76eff52db04d48fa668.js is not in module cache!
2025-7-7 21:06-debug: D:\xuhang\guan_dan\temp\programming\packer-driver\targets\editor\chunks\0f\0f5549961183503273b5dcd563a0dcbd1bf09f83.js resolved to D:\xuhang\guan_dan\temp\programming\packer-driver\targets\editor\chunks\0f\0f5549961183503273b5dcd563a0dcbd1bf09f83.js is not in module cache!
2025-7-7 21:06-debug: D:\xuhang\guan_dan\temp\programming\packer-driver\targets\editor\chunks\2e\2ebf0d6f6821635ca2c69af63a9026f627040e7b.js resolved to D:\xuhang\guan_dan\temp\programming\packer-driver\targets\editor\chunks\2e\2ebf0d6f6821635ca2c69af63a9026f627040e7b.js is not in module cache!
2025-7-7 21:06-debug: D:\xuhang\guan_dan\temp\programming\packer-driver\targets\editor\chunks\2a\2a729184414d0344d5f8867d1a25b85114d7afc1.js resolved to D:\xuhang\guan_dan\temp\programming\packer-driver\targets\editor\chunks\2a\2a729184414d0344d5f8867d1a25b85114d7afc1.js is not in module cache!
2025-7-7 21:06-debug: D:\xuhang\guan_dan\temp\programming\packer-driver\targets\editor\chunks\00\007c6a5039cb08740822526ff272ba9bf43128dd.js resolved to D:\xuhang\guan_dan\temp\programming\packer-driver\targets\editor\chunks\00\007c6a5039cb08740822526ff272ba9bf43128dd.js is not in module cache!
2025-7-7 21:06-debug: D:\xuhang\guan_dan\temp\programming\packer-driver\targets\editor\chunks\86\86976556ca54382a46be26cbd182e521d4790d89.js resolved to D:\xuhang\guan_dan\temp\programming\packer-driver\targets\editor\chunks\86\86976556ca54382a46be26cbd182e521d4790d89.js is not in module cache!
2025-7-7 21:06-debug: D:\xuhang\guan_dan\temp\programming\packer-driver\targets\editor\chunks\c6\c69b47096d97829bfdc323f7b481032a354391ea.js resolved to D:\xuhang\guan_dan\temp\programming\packer-driver\targets\editor\chunks\c6\c69b47096d97829bfdc323f7b481032a354391ea.js is not in module cache!
2025-7-7 21:06-debug: D:\xuhang\guan_dan\temp\programming\packer-driver\targets\editor\chunks\5b\5bc2c64c328e5845de2c54c4c9dd8fcd7871e7f0.js resolved to D:\xuhang\guan_dan\temp\programming\packer-driver\targets\editor\chunks\5b\5bc2c64c328e5845de2c54c4c9dd8fcd7871e7f0.js is not in module cache!
2025-7-7 21:06-debug: D:\xuhang\guan_dan\temp\programming\packer-driver\targets\editor\chunks\15\159c0673507c5fba79fe60e75ba1c3e3bfdfc4cb.js resolved to D:\xuhang\guan_dan\temp\programming\packer-driver\targets\editor\chunks\15\159c0673507c5fba79fe60e75ba1c3e3bfdfc4cb.js is not in module cache!
2025-7-7 21:06-debug: D:\xuhang\guan_dan\temp\programming\packer-driver\targets\editor\chunks\fe\fed24eec39c776a9a86abf6d9ce9237c0ee82121.js resolved to D:\xuhang\guan_dan\temp\programming\packer-driver\targets\editor\chunks\fe\fed24eec39c776a9a86abf6d9ce9237c0ee82121.js is not in module cache!
2025-7-7 21:06-debug: D:\xuhang\guan_dan\temp\programming\packer-driver\targets\editor\chunks\ba\ba4c8ec40dcaf3e29c08a9dd8b5ac9c74dc70450.js resolved to D:\xuhang\guan_dan\temp\programming\packer-driver\targets\editor\chunks\ba\ba4c8ec40dcaf3e29c08a9dd8b5ac9c74dc70450.js is not in module cache!
2025-7-7 21:06-debug: D:\xuhang\guan_dan\temp\programming\packer-driver\targets\editor\chunks\83\836d5d998f0741151b6166ef886208c5841bf47e.js resolved to D:\xuhang\guan_dan\temp\programming\packer-driver\targets\editor\chunks\83\836d5d998f0741151b6166ef886208c5841bf47e.js is not in module cache!
2025-7-7 21:06-debug: D:\xuhang\guan_dan\temp\programming\packer-driver\targets\editor\chunks\61\6173bff79b0bb75fb1224bcd40f19e0b3346512a.js resolved to D:\xuhang\guan_dan\temp\programming\packer-driver\targets\editor\chunks\61\6173bff79b0bb75fb1224bcd40f19e0b3346512a.js is not in module cache!
2025-7-7 21:06-debug: D:\xuhang\guan_dan\temp\programming\packer-driver\targets\editor\chunks\04\046cd659ed9c6f4535995e37829bcf044dc2bc1b.js resolved to D:\xuhang\guan_dan\temp\programming\packer-driver\targets\editor\chunks\04\046cd659ed9c6f4535995e37829bcf044dc2bc1b.js is not in module cache!
2025-7-7 21:06-debug: D:\xuhang\guan_dan\temp\programming\packer-driver\targets\editor\chunks\56\5674a60eb8be7609d7cbb0b8beb048aa5b87dc8f.js resolved to D:\xuhang\guan_dan\temp\programming\packer-driver\targets\editor\chunks\56\5674a60eb8be7609d7cbb0b8beb048aa5b87dc8f.js is not in module cache!
2025-7-7 21:06-debug: D:\xuhang\guan_dan\temp\programming\packer-driver\targets\editor\chunks\bd\bd3fb81d021ffbb5da774f6f0c230485466742e3.js resolved to D:\xuhang\guan_dan\temp\programming\packer-driver\targets\editor\chunks\bd\bd3fb81d021ffbb5da774f6f0c230485466742e3.js is not in module cache!
2025-7-7 21:06-debug: D:\xuhang\guan_dan\temp\programming\packer-driver\targets\editor\chunks\b8\b8ff6c42e26182b00b75ac9c21174a28c59b5af6.js resolved to D:\xuhang\guan_dan\temp\programming\packer-driver\targets\editor\chunks\b8\b8ff6c42e26182b00b75ac9c21174a28c59b5af6.js is not in module cache!
2025-7-7 21:06-debug: D:\xuhang\guan_dan\temp\programming\packer-driver\targets\editor\chunks\b1\b11b19c3477966bc60223704b06205f35ca6b426.js resolved to D:\xuhang\guan_dan\temp\programming\packer-driver\targets\editor\chunks\b1\b11b19c3477966bc60223704b06205f35ca6b426.js is not in module cache!
2025-7-7 21:06-debug: D:\xuhang\guan_dan\temp\programming\packer-driver\targets\editor\chunks\d8\d8389f4e4f3dfd0a8f5ac2d6f97789d1c978a183.js resolved to D:\xuhang\guan_dan\temp\programming\packer-driver\targets\editor\chunks\d8\d8389f4e4f3dfd0a8f5ac2d6f97789d1c978a183.js is not in module cache!
2025-7-7 21:06-debug: D:\xuhang\guan_dan\temp\programming\packer-driver\targets\editor\chunks\e4\e4711f808c6d3f6265063a561d113574daac8a4e.js resolved to D:\xuhang\guan_dan\temp\programming\packer-driver\targets\editor\chunks\e4\e4711f808c6d3f6265063a561d113574daac8a4e.js is not in module cache!
2025-7-7 21:06-debug: [[Executor]] Module "pack:///chunks/84/84741ad843cea9a440c5d8c2d379669b6551400d.js" loaded.
2025-7-7 21:06-debug: D:\xuhang\guan_dan\temp\programming\packer-driver\targets\editor\chunks\34\34acf0a038a600c2e75a1d7f0942996e30740d42.js resolved to D:\xuhang\guan_dan\temp\programming\packer-driver\targets\editor\chunks\34\34acf0a038a600c2e75a1d7f0942996e30740d42.js is not in module cache!
2025-7-7 21:06-debug: [[Executor]] Module "pack:///chunks/00/00627e8efb93f6018e6f9ca6b9bc9163e5488d6f.js" loaded.
2025-7-7 21:06-debug: [[Executor]] Module "pack:///chunks/ed/ed43f35368d95ee4c7d7ecd4cacbe7dc7446d971.js" loaded.
2025-7-7 21:06-debug: [[Executor]] Module "pack:///chunks/b2/b2eb4819de22e639444e8d156b92b471389773f9.js" loaded.
2025-7-7 21:06-debug: [[Executor]] Module "pack:///chunks/25/257bb4466271cb51db2154b27dd5c1bac4fe11c5.js" loaded.
2025-7-7 21:06-debug: [[Executor]] Module "pack:///chunks/09/09244520f33f681a3e2259ec0f06fc8319fe985e.js" loaded.
2025-7-7 21:06-debug: [[Executor]] Register AItemRenderer
2025-7-7 21:06-debug: [[Executor]] Module "pack:///chunks/56/5674a60eb8be7609d7cbb0b8beb048aa5b87dc8f.js" loaded.
2025-7-7 21:06-debug: [[Executor]] Module "pack:///chunks/76/766e72cfadd51eb617ccbc2c9fa6dc2243c4fdd6.js" loaded.
2025-7-7 21:06-debug: [[Executor]] Register RaceScoreLineItem
2025-7-7 21:06-debug: [[Executor]] Register RaceAuditionLineItem
2025-7-7 21:06-debug: [[Executor]] Module "pack:///chunks/e9/e95b742744ac4eb9106ee830ddad6521cba2a61c.js" loaded.
2025-7-7 21:06-debug: [[Executor]] Module "pack:///chunks/ca/ca6a6a96dbaad5e56a62ca229daa52ea67788549.js" loaded.
2025-7-7 21:06-debug: [[Executor]] Register PopWindow
2025-7-7 21:06-debug: [[Executor]] Module "pack:///chunks/2e/2ebf0d6f6821635ca2c69af63a9026f627040e7b.js" loaded.
2025-7-7 21:06-debug: [[Executor]] Register MessageBoxCommon
2025-7-7 21:06-debug: [[Executor]] Module "pack:///chunks/84/843e8ce1b592ec2fb3fee03df3224090f36e35b1.js" loaded.
2025-7-7 21:06-debug: [[Executor]] Module "pack:///chunks/ac/ac842e843ea3f39b4d059838cabd82f3257bc9b7.js" loaded.
2025-7-7 21:06-debug: [[Executor]] Register SetingItem
2025-7-7 21:06-debug: [[Executor]] Module "pack:///chunks/50/50484bbd8d0e2e4c2d2867c972a7103e20da8327.js" loaded.
2025-7-7 21:06-debug: [[Executor]] Register MessageHint
2025-7-7 21:06-debug: [[Executor]] Module "pack:///chunks/ed/ed98681b1336aa276788093f6be43215d472a55c.js" loaded.
2025-7-7 21:06-debug: [[Executor]] Module "pack:///chunks/34/34fe26d5f84c18623a306d804fe8cbef3f47715e.js" loaded.
2025-7-7 21:06-debug: [[Executor]] Register LoadItem
2025-7-7 21:06-debug: [[Executor]] Register WaitItem
2025-7-7 21:06-debug: [[Executor]] Module "pack:///chunks/0c/0c047a52bedefb845703202df9a0ec630d0ac064.js" loaded.
2025-7-7 21:06-debug: [[Executor]] Register RuleItem
2025-7-7 21:06-debug: [[Executor]] Module "pack:///chunks/27/279ea61c4ee625e40328fc620dd862cb1a498f81.js" loaded.
2025-7-7 21:06-debug: [[Executor]] Register AVirtualScrollView
2025-7-7 21:06-debug: [[Executor]] Module "pack:///chunks/2a/2a729184414d0344d5f8867d1a25b85114d7afc1.js" loaded.
2025-7-7 21:06-debug: [[Executor]] Module "pack:///chunks/50/50866aa6fc45d3ce002db86fac6d028c473ab36c.js" loaded.
2025-7-7 21:06-debug: [[Executor]] Register UIManager
2025-7-7 21:06-debug: [[Executor]] Module "pack:///chunks/dc/dc5ee015b4ad7a0c542d8dcb9b947268c1be0f23.js" loaded.
2025-7-7 21:06-debug: [[Executor]] Register KeyBoardItem
2025-7-7 21:06-debug: [[Executor]] Module "pack:///chunks/92/92b2814cbea309ce7748b6668433690b86451d60.js" loaded.
2025-7-7 21:06-debug: [[Executor]] Module "pack:///chunks/7e/7eed9a650521f3f23fbb5abe3abc7798d48706dc.js" loaded.
2025-7-7 21:06-debug: [[Executor]] Register GameEndFreeHeadItem
2025-7-7 21:06-debug: [[Executor]] Register TeamItem
2025-7-7 21:06-debug: [[Executor]] Register CreateRoomItem
2025-7-7 21:06-debug: [[Executor]] Module "pack:///chunks/00/007c6a5039cb08740822526ff272ba9bf43128dd.js" loaded.
2025-7-7 21:06-debug: [[Executor]] Module "pack:///chunks/d8/d8389f4e4f3dfd0a8f5ac2d6f97789d1c978a183.js" loaded.
2025-7-7 21:06-debug: [[Executor]] Module "pack:///chunks/86/86976556ca54382a46be26cbd182e521d4790d89.js" loaded.
2025-7-7 21:06-debug: [[Executor]] Module "pack:///chunks/b5/b51d70d60f859e5dc1df7cf8c71d18da6115e4da.js" loaded.
2025-7-7 21:06-debug: [[Executor]] Module "pack:///chunks/ba/bae60ca62bb70808b5d9b76eff52db04d48fa668.js" loaded.
2025-7-7 21:06-debug: [[Executor]] Register PbManager
2025-7-7 21:06-debug: [[Executor]] Module "pack:///chunks/a2/a26c016a6492f545080c2e4d1cfbacfc1f6335d7.js" loaded.
2025-7-7 21:06-debug: [[Executor]] Register LobbyUserHeadItem
2025-7-7 21:06-debug: [[Executor]] Module "pack:///chunks/68/684f4e99969d41f9ec4d81fd2b0e0408b664f6ee.js" loaded.
2025-7-7 21:06-debug: [[Executor]] Register GameEndFreeItem
2025-7-7 21:06-debug: [[Executor]] Module "pack:///chunks/e4/e4711f808c6d3f6265063a561d113574daac8a4e.js" loaded.
2025-7-7 21:06-debug: [[Executor]] Module "pack:///chunks/c6/c69b47096d97829bfdc323f7b481032a354391ea.js" loaded.
2025-7-7 21:06-debug: [[Executor]] Register RankScorePersonSelfLine
2025-7-7 21:06-debug: [[Executor]] Module "pack:///chunks/83/836d5d998f0741151b6166ef886208c5841bf47e.js" loaded.
2025-7-7 21:06-debug: [[Executor]] Register RankScorePerson
2025-7-7 21:06-debug: [[Executor]] Module "pack:///chunks/34/34acf0a038a600c2e75a1d7f0942996e30740d42.js" loaded.
2025-7-7 21:06-debug: [[Executor]] Register RankScoreTeam
2025-7-7 21:06-debug: [[Executor]] Register RankScoreTeamSelfLine
2025-7-7 21:06-debug: [[Executor]] Module "pack:///chunks/fb/fb1e6face03887d3b34bdaa2402eeca0faaa628e.js" loaded.
2025-7-7 21:06-debug: [[Executor]] Module "pack:///chunks/61/6173bff79b0bb75fb1224bcd40f19e0b3346512a.js" loaded.
2025-7-7 21:06-debug: [[Executor]] Module "pack:///chunks/15/159c0673507c5fba79fe60e75ba1c3e3bfdfc4cb.js" loaded.
2025-7-7 21:06-debug: [[Executor]] Register GameEndScoreRankPerson
2025-7-7 21:06-debug: [[Executor]] Register RankScore
2025-7-7 21:06-debug: [[Executor]] Register GameEndScoreRankTeam
2025-7-7 21:06-debug: [[Executor]] Module "pack:///chunks/5b/5bc2c64c328e5845de2c54c4c9dd8fcd7871e7f0.js" loaded.
2025-7-7 21:06-debug: [[Executor]] Register GameEndScoreItem
2025-7-7 21:06-debug: [[Executor]] Register GameEndScoreRankItem
2025-7-7 21:06-debug: [[Executor]] Module "pack:///chunks/da/daf1c7ff3b445a7fc74ebc62d1161fe08e3ed361.js" loaded.
2025-7-7 21:06-debug: [[Executor]] Module "pack:///chunks/db/db49c7d139b8d6660eec19d8f672e91232e8f32b.js" loaded.
2025-7-7 21:06-debug: [[Executor]] Module "pack:///chunks/ba/ba4c8ec40dcaf3e29c08a9dd8b5ac9c74dc70450.js" loaded.
2025-7-7 21:06-debug: [[Executor]] Register GameEndKickItem
2025-7-7 21:06-debug: [[Executor]] Register GameEndKickHeadItem
2025-7-7 21:06-debug: [[Executor]] Module "pack:///chunks/93/93fb31e35c6720352a03543efbaef9f166d4fa28.js" loaded.
2025-7-7 21:06-debug: [[Executor]] Register GameEndKickUpItem
2025-7-7 21:06-debug: [[Executor]] Module "pack:///chunks/ab/ab170326d72ee86ca355e22bd8d222e65be10230.js" loaded.
2025-7-7 21:06-debug: [[Executor]] Register TeamUpItem
2025-7-7 21:06-debug: [[Executor]] Module "pack:///chunks/f0/f0fed9b6f3757fad068132c207b21d0fb4aecc19.js" loaded.
2025-7-7 21:06-debug: [[Executor]] Register RaceScoreItem
2025-7-7 21:06-debug: [[Executor]] Module "pack:///chunks/08/08187ccb455c8067887d8271c911042c073a655b.js" loaded.
2025-7-7 21:06-debug: [[Executor]] Register RaceKickLineItem
2025-7-7 21:06-debug: [[Executor]] Module "pack:///chunks/fe/fed24eec39c776a9a86abf6d9ce9237c0ee82121.js" loaded.
2025-7-7 21:06-debug: [[Executor]] Module "pack:///chunks/2a/2a7fdc45ca67b9c583fb3cba04c8fb879c4c6871.js" loaded.
2025-7-7 21:06-debug: [[Executor]] Register RaceKickItem
2025-7-7 21:06-debug: [[Executor]] Register MessageBoxCommonTest
2025-7-7 21:06-debug: [[Executor]] Module "pack:///chunks/9a/9a936d12429a3b66c677bcb2a4279d98bd9d38c7.js" loaded.
2025-7-7 21:06-debug: [[Executor]] Register CreateTeamItem
2025-7-7 21:06-debug: [[Executor]] Module "pack:///chunks/0b/0bd888da854dcc4d896a59f91b8c9e329c7541d8.js" loaded.
2025-7-7 21:06-debug: [[Executor]] Register GameStartNotice
2025-7-7 21:06-debug: [[Executor]] Module "pack:///chunks/0f/0f5549961183503273b5dcd563a0dcbd1bf09f83.js" loaded.
2025-7-7 21:06-debug: [[Executor]] Register FreeUpItem
2025-7-7 21:06-debug: [[Executor]] Module "pack:///chunks/31/3172777b85934dd0738e98daf2b2d1c7ad1b4f49.js" loaded.
2025-7-7 21:06-debug: [[Executor]] Register RankRaceKickItem
2025-7-7 21:06-debug: [[Executor]] Register RankRaceScoreItem
2025-7-7 21:06-debug: [[Executor]] Module "pack:///chunks/b1/b11b19c3477966bc60223704b06205f35ca6b426.js" loaded.
2025-7-7 21:06-debug: [[Executor]] Module "pack:///chunks/bd/bd3fb81d021ffbb5da774f6f0c230485466742e3.js" loaded.
2025-7-7 21:06-debug: [[Executor]] Module "pack:///chunks/04/046cd659ed9c6f4535995e37829bcf044dc2bc1b.js" loaded.
2025-7-7 21:06-debug: [[Executor]] Register RankRaceAuditionItem
2025-7-7 21:06-debug: [[Executor]] Module "pack:///chunks/4e/4e67b444779f2757120dd4a1f315915eb8e533d4.js" loaded.
2025-7-7 21:06-debug: [[Executor]] Register RankKick
2025-7-7 21:06-debug: [[Executor]] Register RankRaceItem
2025-7-7 21:06-debug: [[Executor]] Module "pack:///chunks/a9/a9b72e23f581c1111e38562a1d73ce4579600437.js" loaded.
2025-7-7 21:06-debug: [[Executor]] Register RaceAuditionItem
2025-7-7 21:06-debug: [[Executor]] Module "pack:///chunks/ab/ab6003d47536297f8c3cec827dd5f7bdb0ecfcfe.js" loaded.
2025-7-7 21:06-debug: [[Executor]] Register GameEndAuditionHeadItem
2025-7-7 21:06-debug: [[Executor]] Module "pack:///chunks/2e/2e3bec86ad952f8e4429cc9c5f3472fa2bff73cc.js" loaded.
2025-7-7 21:06-debug: [[Executor]] Register GameEndAuditionItem
2025-7-7 21:06-debug: [[Executor]] Register RankAuditionItem
2025-7-7 21:06-debug: [[Executor]] Module "pack:///chunks/b8/b8ff6c42e26182b00b75ac9c21174a28c59b5af6.js" loaded.
2025-7-7 21:06-debug: [[Executor]] Register FreeMatchItem
2025-7-7 21:06-debug: [[Executor]] Module "pack:///chunks/2d/2dae0f3b58851e9196b3a53f551c7894696a73ee.js" loaded.
2025-7-7 21:06-debug: [[Executor]] Register AuditionMatchItem
2025-7-7 21:06-debug: [[Executor]] Module "pack:///chunks/58/58622f7375475523f21ea72c80148e7863a693c8.js" loaded.
2025-7-7 21:06-debug: [[Executor]] Module "pack:///chunks/28/282148acef48d458e6edcf40399f4c0560e28d58.js" loaded.
2025-7-7 21:06-debug: [[Executor]] Module "pack:///chunks/75/751076288163a0b0b6dab3393053b2feacd6ac73.js" loaded.
2025-7-7 21:06-debug: [[Executor]] Module "pack:///chunks/89/894435cab628b6eea0effbfa111ddc6357679b42.js" loaded.
2025-7-7 21:06-debug: [[Executor]] Module "pack:///chunks/89/891e2793336f4d2b050ce51af8abbec910430923.js" loaded.
2025-7-7 21:06-debug: [[Executor]] Register AppGlobal
2025-7-7 21:06-debug: [[Executor]] Module "pack:///chunks/6a/6ad1a6ec4e01e157e476f8caef2f49c2f9f29c7f.js" loaded.
2025-7-7 21:06-debug: D:\xuhang\guan_dan\temp\programming\packer-driver\targets\editor\chunks\bc\bc20899fe97061e697d1a6f08903ae737f649ccd.js resolved to D:\xuhang\guan_dan\temp\programming\packer-driver\targets\editor\chunks\bc\bc20899fe97061e697d1a6f08903ae737f649ccd.js is not in module cache!
2025-7-7 21:06-debug: [[Executor]] Register Test
2025-7-7 21:06-debug: [[Executor]] Module "pack:///chunks/bc/bc20899fe97061e697d1a6f08903ae737f649ccd.js" loaded.
2025-7-7 21:06-debug: D:\xuhang\guan_dan\temp\programming\packer-driver\targets\editor\chunks\93\93d67395ddd93210d0f5e53be725f1de2f3219b6.js resolved to D:\xuhang\guan_dan\temp\programming\packer-driver\targets\editor\chunks\93\93d67395ddd93210d0f5e53be725f1de2f3219b6.js is not in module cache!
2025-7-7 21:06-debug: [[Executor]] Module "pack:///chunks/93/93d67395ddd93210d0f5e53be725f1de2f3219b6.js" loaded.
2025-7-7 21:06-debug: [[Executor]] Register GraphicsMask
2025-7-7 21:06-debug: D:\xuhang\guan_dan\temp\programming\packer-driver\targets\editor\chunks\24\241290ec47093ac34069268a14f22f737523be64.js resolved to D:\xuhang\guan_dan\temp\programming\packer-driver\targets\editor\chunks\24\241290ec47093ac34069268a14f22f737523be64.js is not in module cache!
2025-7-7 21:06-debug: [[Executor]] Register CardAction
2025-7-7 21:06-debug: [[Executor]] Module "pack:///chunks/24/241290ec47093ac34069268a14f22f737523be64.js" loaded.
2025-7-7 21:06-debug: D:\xuhang\guan_dan\temp\programming\packer-driver\targets\editor\chunks\85\8561cca668d69c7cbe4fe21d3ca61816ed8e2cad.js resolved to D:\xuhang\guan_dan\temp\programming\packer-driver\targets\editor\chunks\85\8561cca668d69c7cbe4fe21d3ca61816ed8e2cad.js is not in module cache!
2025-7-7 21:06-debug: [[Executor]] Register CardItem
2025-7-7 21:06-debug: [[Executor]] Module "pack:///chunks/85/8561cca668d69c7cbe4fe21d3ca61816ed8e2cad.js" loaded.
2025-7-7 21:06-debug: D:\xuhang\guan_dan\temp\programming\packer-driver\targets\editor\chunks\c0\c0cf23c1ecff26253e0b6118461d83bfa6afbac3.js resolved to D:\xuhang\guan_dan\temp\programming\packer-driver\targets\editor\chunks\c0\c0cf23c1ecff26253e0b6118461d83bfa6afbac3.js is not in module cache!
2025-7-7 21:06-debug: D:\xuhang\guan_dan\temp\programming\packer-driver\targets\editor\chunks\f5\f52960fd6153a9e325ae45656390c8842ab10bab.js resolved to D:\xuhang\guan_dan\temp\programming\packer-driver\targets\editor\chunks\f5\f52960fd6153a9e325ae45656390c8842ab10bab.js is not in module cache!
2025-7-7 21:06-debug: [[Executor]] Register GameTimer
2025-7-7 21:06-debug: [[Executor]] Module "pack:///chunks/f5/f52960fd6153a9e325ae45656390c8842ab10bab.js" loaded.
2025-7-7 21:06-debug: [[Executor]] Module "pack:///chunks/c0/c0cf23c1ecff26253e0b6118461d83bfa6afbac3.js" loaded.
2025-7-7 21:06-debug: [[Executor]] Register CardLayer
2025-7-7 21:06-debug: D:\xuhang\guan_dan\temp\programming\packer-driver\targets\editor\chunks\ed\ed65e8215f5f5fcb5e410ced8dc1c26663675a5a.js resolved to D:\xuhang\guan_dan\temp\programming\packer-driver\targets\editor\chunks\ed\ed65e8215f5f5fcb5e410ced8dc1c26663675a5a.js is not in module cache!
2025-7-7 21:06-debug: [[Executor]] Register UserHead
2025-7-7 21:06-debug: [[Executor]] Module "pack:///chunks/ed/ed65e8215f5f5fcb5e410ced8dc1c26663675a5a.js" loaded.
2025-7-7 21:06-debug: D:\xuhang\guan_dan\temp\programming\packer-driver\targets\editor\chunks\4f\4f71ab457461edd4083cdbb1eafe14fae34322a4.js resolved to D:\xuhang\guan_dan\temp\programming\packer-driver\targets\editor\chunks\4f\4f71ab457461edd4083cdbb1eafe14fae34322a4.js is not in module cache!
2025-7-7 21:06-debug: [[Executor]] Register GameEndKickUpLineItem
2025-7-7 21:06-debug: [[Executor]] Module "pack:///chunks/4f/4f71ab457461edd4083cdbb1eafe14fae34322a4.js" loaded.
2025-7-7 21:06-debug: D:\xuhang\guan_dan\temp\programming\packer-driver\targets\editor\chunks\57\579f78aafe1bac26f7d268d3310e7e602199ef8e.js resolved to D:\xuhang\guan_dan\temp\programming\packer-driver\targets\editor\chunks\57\579f78aafe1bac26f7d268d3310e7e602199ef8e.js is not in module cache!
2025-7-7 21:06-debug: [[Executor]] Register GameEndScoreRankLineItem
2025-7-7 21:06-debug: [[Executor]] Module "pack:///chunks/57/579f78aafe1bac26f7d268d3310e7e602199ef8e.js" loaded.
2025-7-7 21:06-debug: D:\xuhang\guan_dan\temp\programming\packer-driver\targets\editor\chunks\ca\cab86aa7e3acf68f5a07f0f67ba1a6a0099b3b7c.js resolved to D:\xuhang\guan_dan\temp\programming\packer-driver\targets\editor\chunks\ca\cab86aa7e3acf68f5a07f0f67ba1a6a0099b3b7c.js is not in module cache!
2025-7-7 21:06-debug: [[Executor]] Register RankAuditionLineItem
2025-7-7 21:06-debug: [[Executor]] Module "pack:///chunks/ca/cab86aa7e3acf68f5a07f0f67ba1a6a0099b3b7c.js" loaded.
2025-7-7 21:06-debug: D:\xuhang\guan_dan\temp\programming\packer-driver\targets\editor\chunks\16\1697881df7b624d492ae33a7a2df07902d3f9ae4.js resolved to D:\xuhang\guan_dan\temp\programming\packer-driver\targets\editor\chunks\16\1697881df7b624d492ae33a7a2df07902d3f9ae4.js is not in module cache!
2025-7-7 21:06-debug: [[Executor]] Module "pack:///chunks/16/1697881df7b624d492ae33a7a2df07902d3f9ae4.js" loaded.
2025-7-7 21:06-debug: [[Executor]] Register RankKickLineItem
2025-7-7 21:06-debug: D:\xuhang\guan_dan\temp\programming\packer-driver\targets\editor\chunks\35\354de36018032e609e8a726278ecb6b940d98aac.js resolved to D:\xuhang\guan_dan\temp\programming\packer-driver\targets\editor\chunks\35\354de36018032e609e8a726278ecb6b940d98aac.js is not in module cache!
2025-7-7 21:06-debug: [[Executor]] Module "pack:///chunks/35/354de36018032e609e8a726278ecb6b940d98aac.js" loaded.
2025-7-7 21:06-debug: [[Executor]] Register RankScoreAudition
2025-7-7 21:06-debug: D:\xuhang\guan_dan\temp\programming\packer-driver\targets\editor\chunks\f9\f909e81a75770b40a5e9c8d4a3a27ed40333a981.js resolved to D:\xuhang\guan_dan\temp\programming\packer-driver\targets\editor\chunks\f9\f909e81a75770b40a5e9c8d4a3a27ed40333a981.js is not in module cache!
2025-7-7 21:06-debug: [[Executor]] Register RankScorePersonLine
2025-7-7 21:06-debug: [[Executor]] Module "pack:///chunks/f9/f909e81a75770b40a5e9c8d4a3a27ed40333a981.js" loaded.
2025-7-7 21:06-debug: D:\xuhang\guan_dan\temp\programming\packer-driver\targets\editor\chunks\75\75ef2449f2834cd8b1fc4a123457b491664bb542.js resolved to D:\xuhang\guan_dan\temp\programming\packer-driver\targets\editor\chunks\75\75ef2449f2834cd8b1fc4a123457b491664bb542.js is not in module cache!
2025-7-7 21:06-debug: [[Executor]] Register RankScorePersonLine
2025-7-7 21:06-debug: [[Executor]] Module "pack:///chunks/75/75ef2449f2834cd8b1fc4a123457b491664bb542.js" loaded.
2025-7-7 21:06-debug: D:\xuhang\guan_dan\temp\programming\packer-driver\targets\editor\chunks\fb\fb1e86f55abc7b981e457aa470825e67509de7a5.js resolved to D:\xuhang\guan_dan\temp\programming\packer-driver\targets\editor\chunks\fb\fb1e86f55abc7b981e457aa470825e67509de7a5.js is not in module cache!
2025-7-7 21:06-debug: [[Executor]] Module "pack:///chunks/fb/fb1e86f55abc7b981e457aa470825e67509de7a5.js" loaded.
2025-7-7 21:06-debug: [[Executor]] Register RankScoreTeamLine
2025-7-7 21:06-debug: D:\xuhang\guan_dan\temp\programming\packer-driver\targets\editor\chunks\99\9932d7365023032c6c8b8cd74f220673cced9c29.js resolved to D:\xuhang\guan_dan\temp\programming\packer-driver\targets\editor\chunks\99\9932d7365023032c6c8b8cd74f220673cced9c29.js is not in module cache!
2025-7-7 21:06-debug: [[Executor]] Register RankRaceAuditionLineItem
2025-7-7 21:06-debug: [[Executor]] Module "pack:///chunks/99/9932d7365023032c6c8b8cd74f220673cced9c29.js" loaded.
2025-7-7 21:06-debug: D:\xuhang\guan_dan\temp\programming\packer-driver\targets\editor\chunks\a8\a83cbe9776fb4d7bdd57f5c00d29774530b9d509.js resolved to D:\xuhang\guan_dan\temp\programming\packer-driver\targets\editor\chunks\a8\a83cbe9776fb4d7bdd57f5c00d29774530b9d509.js is not in module cache!
2025-7-7 21:06-debug: [[Executor]] Register RankRaceKickLineItem
2025-7-7 21:06-debug: [[Executor]] Module "pack:///chunks/a8/a83cbe9776fb4d7bdd57f5c00d29774530b9d509.js" loaded.
2025-7-7 21:06-debug: D:\xuhang\guan_dan\temp\programming\packer-driver\targets\editor\chunks\c3\c384bdc6160b84f33b2b6300de291f8d6feb897a.js resolved to D:\xuhang\guan_dan\temp\programming\packer-driver\targets\editor\chunks\c3\c384bdc6160b84f33b2b6300de291f8d6feb897a.js is not in module cache!
2025-7-7 21:06-debug: [[Executor]] Register RankRaceScoreLineItem
2025-7-7 21:06-debug: [[Executor]] Module "pack:///chunks/c3/c384bdc6160b84f33b2b6300de291f8d6feb897a.js" loaded.
2025-7-7 21:06-debug: D:\xuhang\guan_dan\temp\programming\packer-driver\targets\editor\chunks\09\0911ffcf023d18461684ea93870a6c03d37e525b.js resolved to D:\xuhang\guan_dan\temp\programming\packer-driver\targets\editor\chunks\09\0911ffcf023d18461684ea93870a6c03d37e525b.js is not in module cache!
2025-7-7 21:06-debug: [[Executor]] Register TeamLineItem
2025-7-7 21:06-debug: [[Executor]] Module "pack:///chunks/09/0911ffcf023d18461684ea93870a6c03d37e525b.js" loaded.
2025-7-7 21:06-debug: D:\xuhang\guan_dan\temp\programming\packer-driver\targets\editor\chunks\cd\cd7066aef6462731b6120685c653f5ef181754a3.js resolved to D:\xuhang\guan_dan\temp\programming\packer-driver\targets\editor\chunks\cd\cd7066aef6462731b6120685c653f5ef181754a3.js is not in module cache!
2025-7-7 21:06-debug: D:\xuhang\guan_dan\temp\programming\packer-driver\targets\editor\chunks\4d\4db90b464929b9aa020af31c6675bf6971a3970a.js resolved to D:\xuhang\guan_dan\temp\programming\packer-driver\targets\editor\chunks\4d\4db90b464929b9aa020af31c6675bf6971a3970a.js is not in module cache!
2025-7-7 21:06-debug: [[Executor]] Module "pack:///chunks/4d/4db90b464929b9aa020af31c6675bf6971a3970a.js" loaded.
2025-7-7 21:06-debug: [[Executor]] Module "pack:///chunks/cd/cd7066aef6462731b6120685c653f5ef181754a3.js" loaded.
2025-7-7 21:06-debug: D:\xuhang\guan_dan\temp\programming\packer-driver\targets\editor\chunks\4d\4ddcd61d8234e58d279f283802a54d91ec72e48e.js resolved to D:\xuhang\guan_dan\temp\programming\packer-driver\targets\editor\chunks\4d\4ddcd61d8234e58d279f283802a54d91ec72e48e.js is not in module cache!
2025-7-7 21:06-debug: [[Executor]] Register PostMessage
2025-7-7 21:06-debug: [[Executor]] Module "pack:///chunks/4d/4ddcd61d8234e58d279f283802a54d91ec72e48e.js" loaded.
2025-7-7 21:06-debug: D:\xuhang\guan_dan\temp\programming\packer-driver\targets\editor\chunks\ee\eee131872bda13e8b623ec842ebdc99efc2eb577.js resolved to D:\xuhang\guan_dan\temp\programming\packer-driver\targets\editor\chunks\ee\eee131872bda13e8b623ec842ebdc99efc2eb577.js is not in module cache!
2025-7-7 21:06-debug: D:\xuhang\guan_dan\temp\programming\packer-driver\targets\editor\chunks\e2\e22b6f02adf5d686a7ebd142d6b23614b189f373.js resolved to D:\xuhang\guan_dan\temp\programming\packer-driver\targets\editor\chunks\e2\e22b6f02adf5d686a7ebd142d6b23614b189f373.js is not in module cache!
2025-7-7 21:06-debug: [[Executor]] Module "pack:///chunks/e2/e22b6f02adf5d686a7ebd142d6b23614b189f373.js" loaded.
2025-7-7 21:06-debug: D:\xuhang\guan_dan\temp\programming\packer-driver\targets\editor\chunks\8a\8acfec7771aa3713cf65d25a1c0a2107180bd428.js resolved to D:\xuhang\guan_dan\temp\programming\packer-driver\targets\editor\chunks\8a\8acfec7771aa3713cf65d25a1c0a2107180bd428.js is not in module cache!
2025-7-7 21:06-warn: ReferenceError: protobuf is not defined    at factory (file:///D:/xuhang/guan_dan/temp/programming/packer-driver/targets/editor/chunks/8a/file:/D:/xuhang/guan_dan/assets/scripts/proto/gameMsg.js:5335:5)    at CjsLoader._load (file:///D:/xuhang/guan_dan/temp/programming/packer-driver/targets/editor/chunks/e2/cce:/internal/ml/cjs-loader.mjs:78:9)    at CjsLoader._tryModuleLoad (file:///D:/xuhang/guan_dan/temp/programming/packer-driver/targets/editor/chunks/e2/cce:/internal/ml/cjs-loader.mjs:63:18)    at CjsLoader._require (file:///D:/xuhang/guan_dan/temp/programming/packer-driver/targets/editor/chunks/e2/cce:/internal/ml/cjs-loader.mjs:42:14)    at CjsLoader.require (file:///D:/xuhang/guan_dan/temp/programming/packer-driver/targets/editor/chunks/e2/cce:/internal/ml/cjs-loader.mjs:27:21)    at Object.execute (file:///D:/xuhang/guan_dan/temp/programming/packer-driver/targets/editor/chunks/ee/file:/D:/xuhang/guan_dan/assets/scripts/proto/gameMsg.mjs?cjs=&original=.js:7:8)    at doExec (C:\ProgramData\cocos\editors\Creator\3.6.0\resources\app.asar\node_modules\@editor\lib-programming\static\executor\systemjs-bridge\out\index.js:517:30)    at postOrderExec (C:\ProgramData\cocos\editors\Creator\3.6.0\resources\app.asar\node_modules\@editor\lib-programming\static\executor\systemjs-bridge\out\index.js:508:21)    at C:\ProgramData\cocos\editors\Creator\3.6.0\resources\app.asar\node_modules\@editor\lib-programming\static\executor\systemjs-bridge\out\index.js:440:12    at file:///D:/xuhang/guan_dan/temp/programming/packer-driver/targets/editor/chunks/97/cce:/internal/x/prerequisite-imports:8:13
2025-7-7 21:06-log: pack:///chunks/ee/eee131872bda13e8b623ec842ebdc99efc2eb577.jsReferenceError: protobuf is not defined    at factory (file:///D:/xuhang/guan_dan/temp/programming/packer-driver/targets/editor/chunks/8a/file:/D:/xuhang/guan_dan/assets/scripts/proto/gameMsg.js:5335:5)    at CjsLoader._load (file:///D:/xuhang/guan_dan/temp/programming/packer-driver/targets/editor/chunks/e2/cce:/internal/ml/cjs-loader.mjs:78:9)    at CjsLoader._tryModuleLoad (file:///D:/xuhang/guan_dan/temp/programming/packer-driver/targets/editor/chunks/e2/cce:/internal/ml/cjs-loader.mjs:63:18)    at CjsLoader._require (file:///D:/xuhang/guan_dan/temp/programming/packer-driver/targets/editor/chunks/e2/cce:/internal/ml/cjs-loader.mjs:42:14)    at CjsLoader.require (file:///D:/xuhang/guan_dan/temp/programming/packer-driver/targets/editor/chunks/e2/cce:/internal/ml/cjs-loader.mjs:27:21)    at Object.execute (file:///D:/xuhang/guan_dan/temp/programming/packer-driver/targets/editor/chunks/ee/file:/D:/xuhang/guan_dan/assets/scripts/proto/gameMsg.mjs?cjs=&original=.js:7:8)    at doExec (C:\ProgramData\cocos\editors\Creator\3.6.0\resources\app.asar\node_modules\@editor\lib-programming\static\executor\systemjs-bridge\out\index.js:517:30)    at postOrderExec (C:\ProgramData\cocos\editors\Creator\3.6.0\resources\app.asar\node_modules\@editor\lib-programming\static\executor\systemjs-bridge\out\index.js:508:21)    at C:\ProgramData\cocos\editors\Creator\3.6.0\resources\app.asar\node_modules\@editor\lib-programming\static\executor\systemjs-bridge\out\index.js:440:12    at file:///D:/xuhang/guan_dan/temp/programming/packer-driver/targets/editor/chunks/97/cce:/internal/x/prerequisite-imports:8:13false
2025-7-7 21:06-debug: [[Executor]] Module "pack:///chunks/8a/8acfec7771aa3713cf65d25a1c0a2107180bd428.js" loaded.
2025-7-7 21:06-debug: [[Executor]] Register Game
2025-7-7 21:06-debug: D:\xuhang\guan_dan\temp\programming\packer-driver\targets\editor\chunks\c5\c518da8dff6ddc99cdbd6c61d544aa0ec9266d21.js resolved to D:\xuhang\guan_dan\temp\programming\packer-driver\targets\editor\chunks\c5\c518da8dff6ddc99cdbd6c61d544aa0ec9266d21.js is not in module cache!
2025-7-7 21:06-debug: [[Executor]] Module "pack:///chunks/c5/c518da8dff6ddc99cdbd6c61d544aa0ec9266d21.js" loaded.
2025-7-7 21:06-debug: D:\xuhang\guan_dan\temp\programming\packer-driver\targets\editor\chunks\ce\ce1ceca1611f83685fc8b4354b3d5e0bba137fd2.js resolved to D:\xuhang\guan_dan\temp\programming\packer-driver\targets\editor\chunks\ce\ce1ceca1611f83685fc8b4354b3d5e0bba137fd2.js is not in module cache!
2025-7-7 21:06-debug: [[Executor]] Register Lobby
2025-7-7 21:06-debug: [[Executor]] Module "pack:///chunks/ce/ce1ceca1611f83685fc8b4354b3d5e0bba137fd2.js" loaded.
2025-7-7 21:06-debug: D:\xuhang\guan_dan\temp\programming\packer-driver\targets\editor\chunks\60\607520769ee31cbf7cd92eda33fdd07a7bff16af.js resolved to D:\xuhang\guan_dan\temp\programming\packer-driver\targets\editor\chunks\60\607520769ee31cbf7cd92eda33fdd07a7bff16af.js is not in module cache!
2025-7-7 21:06-debug: [[Executor]] Register Start
2025-7-7 21:06-debug: [[Executor]] Module "pack:///chunks/60/607520769ee31cbf7cd92eda33fdd07a7bff16af.js" loaded.
2025-7-7 21:06-debug: D:\xuhang\guan_dan\temp\programming\packer-driver\targets\editor\chunks\6e\6ed2336ab55c593acaa32aebfaa23a97699487b9.js resolved to D:\xuhang\guan_dan\temp\programming\packer-driver\targets\editor\chunks\6e\6ed2336ab55c593acaa32aebfaa23a97699487b9.js is not in module cache!
2025-7-7 21:06-debug: [[Executor]] Register TestProto
2025-7-7 21:06-debug: [[Executor]] Module "pack:///chunks/6e/6ed2336ab55c593acaa32aebfaa23a97699487b9.js" loaded.
2025-7-7 21:06-debug: D:\xuhang\guan_dan\temp\programming\packer-driver\targets\editor\chunks\99\99863e251964de3aea15f8fdbdb7d940d135e5a0.js resolved to D:\xuhang\guan_dan\temp\programming\packer-driver\targets\editor\chunks\99\99863e251964de3aea15f8fdbdb7d940d135e5a0.js is not in module cache!
2025-7-7 21:06-debug: D:\xuhang\guan_dan\temp\programming\packer-driver\targets\editor\chunks\a1\a1cd9fdb0db2483956ec8368aab779fd8bac61ce.js resolved to D:\xuhang\guan_dan\temp\programming\packer-driver\targets\editor\chunks\a1\a1cd9fdb0db2483956ec8368aab779fd8bac61ce.js is not in module cache!
2025-7-7 21:06-debug: [[Executor]] Module "pack:///chunks/a1/a1cd9fdb0db2483956ec8368aab779fd8bac61ce.js" loaded.
2025-7-7 21:06-debug: [[Executor]] Module "pack:///chunks/99/99863e251964de3aea15f8fdbdb7d940d135e5a0.js" loaded.
2025-7-7 21:06-debug: 加载刷新项目脚本 √10%
2025-7-7 21:06-debug: [[Executor]] Module "pack:///chunks/97/978b22243191fdd96aabdcebbba296d0810bc72d.js" loaded.
2025-7-7 21:06-log: // ---- 查询 Asset Bundle ----
2025-7-7 21:06-debug: 查询 Asset Bundle start10%
2025-7-7 21:06-debug: Process: heapTotal 213.59MB heapUsed 193.70MB rss 217.79MB
2025-7-7 21:06-debug: 查询 Asset Bundle √11%
2025-7-7 21:06-debug: 查询使用的资源以及资源包配置 start11%
2025-7-7 21:06-debug: Process: heapTotal 213.59MB heapUsed 193.75MB rss 217.73MB
2025-7-7 21:06-log: // ---- 查询使用的资源以及资源包配置 ----
2025-7-7 21:06-debug: Query preload assets from cc.config.json: 60f7195c-ec2a-45eb-ba94-8955f60e81d0,1c02ae6f-4492-4915-b8f8-7492a3b1e4cd,810e96e4-e456-4468-9b59-f4e8f39732c0,efe8e2a3-eace-427b-b4f1-cb8a937ec77d,e9aa9a3e-5b2b-4ac7-a2c7-073de2b2b24f,8bbdbcdd-5cd4-4100-b6d5-b7c9625b6107,50f4348b-c883-4e2f-8f11-ce233b859fa1,fda095cb-831d-4601-ad94-846013963de8,f92806d7-1768-443f-afe8-12bcde84d0f0,dd3a144d-ab7f-41f0-82b8-2e43a090d496,f0416e68-0200-4b77-a926-4f9d16e494da,1baf0fc9-befa-459c-8bdd-af1a450a0319,511d2633-09a7-4bdd-ac42-f778032124b3,5d45aa00-e064-4938-b314-4265f0c2258c,28d6d6b8-3f66-4a73-9795-17a0852ba2d4,ec8106fe-05bf-4e94-943c-e0d3b7bb5e45,620b6bf3-0369-4560-837f-2a2c00b73c26,ff9be190-20a4-4e48-b68c-76e3c7cff085,970b0598-bcb0-4714-91fb-2e81440dccd8,bcd64cc6-2dd9-43f6-abbe-66318d332032,d930590d-bb92-4cc8-8bd1-23cd027f9edf,a3cd009f-0ab0-420d-9278-b9fdab939bbc,9361fd90-ba52-4f84-aa93-6e878fd576ca,871c3b6c-7379-419d-bda3-794b239ab90d,c27215d8-6835-4b68-bfbb-bdeac6100c04,b5d6115f-0370-4d7c-aad3-c194cc71cf98
2025-7-7 21:06-debug: Number of scenes: 2
2025-7-7 21:06-debug: Number of asset bundle: 3
2025-7-7 21:06-debug: 整理脚本分组与脚本数据 start13%
2025-7-7 21:06-debug: 查询使用的资源以及资源包配置 √13%
2025-7-7 21:06-debug: Number of assets: 597
2025-7-7 21:06-log: // ---- 整理脚本分组与脚本数据 ----
2025-7-7 21:06-debug: Process: heapTotal 220.09MB heapUsed 197.81MB rss 235.51MB
2025-7-7 21:06-debug: sort script group...
2025-7-7 21:06-debug: 整理纹理压缩任务 start14%
2025-7-7 21:06-log: // ---- 整理纹理压缩任务 ----
2025-7-7 21:06-debug: 整理脚本分组与脚本数据 √14%
2025-7-7 21:06-debug: Process: heapTotal 220.09MB heapUsed 197.88MB rss 235.48MB
2025-7-7 21:06-debug: Number of image-compress task: 0
2025-7-7 21:06-log: // ---- 初步划分 JSON 合并分组 ----
2025-7-7 21:06-debug: 整理纹理压缩任务 √15%
2025-7-7 21:06-debug: 初步划分 JSON 合并分组 start15%
2025-7-7 21:06-debug: Process: heapTotal 220.09MB heapUsed 198.82MB rss 235.95MB
2025-7-7 21:06-debug: Number of json group: 145
2025-7-7 21:06-debug: 整理合并压缩 Texture2D 的 JSON 数据 start16%
2025-7-7 21:06-debug: 初步划分 JSON 合并分组 √16%
2025-7-7 21:06-debug: Process: heapTotal 220.09MB heapUsed 200.25MB rss 235.95MB
2025-7-7 21:06-debug: 收集 importMap 信息 start18%
2025-7-7 21:06-log: // ---- 整理合并压缩 Texture2D 的 JSON 数据 ----
2025-7-7 21:06-debug: 整理合并压缩 Texture2D 的 JSON 数据 √18%
2025-7-7 21:06-debug: Process: heapTotal 220.09MB heapUsed 200.51MB rss 237.00MB
2025-7-7 21:06-debug: web-mobile:(onBeforeBuildAssets) start...19%
2025-7-7 21:06-log: // ---- 收集 importMap 信息 ----
2025-7-7 21:06-debug: // ---- web-mobile:(onBeforeBuildAssets) ----
2025-7-7 21:06-debug: Process: heapTotal 220.09MB heapUsed 200.53MB rss 236.99MB
2025-7-7 21:06-debug: // ---- web-mobile:(onBeforeBuildAssets) success ----
2025-7-7 21:06-debug: 收集 importMap 信息 √19%
2025-7-7 21:06-debug: web-mobile:(onBeforeBuildAssets)21%
2025-7-7 21:06-debug: // ---- localization-editor:(onBeforeBuildAssets) ----
2025-7-7 21:06-debug: Process: heapTotal 220.09MB heapUsed 200.61MB rss 236.99MB
2025-7-7 21:06-debug: localization-editor:(onBeforeBuildAssets) start...21%
2025-7-7 21:06-debug: // ---- localization-editor:(onBeforeBuildAssets) success ----
2025-7-7 21:06-debug: 构建自动图集 start23%
2025-7-7 21:06-debug: localization-editor:(onBeforeBuildAssets)23%
2025-7-7 21:06-debug: Process: heapTotal 220.09MB heapUsed 200.69MB rss 236.96MB
2025-7-7 21:06-log: // ---- 构建自动图集 ----
2025-7-7 21:06-debug: 图片拷贝压缩任务 start30%
2025-7-7 21:06-log: // ---- 图片拷贝压缩任务 ----
2025-7-7 21:06-debug: 构建自动图集 √30%
2025-7-7 21:06-debug: Process: heapTotal 220.09MB heapUsed 200.73MB rss 236.93MB
2025-7-7 21:06-debug: 图片拷贝压缩任务 √37%
2025-7-7 21:06-debug: 将资源拷贝到指定位置 start37%
2025-7-7 21:06-log: // ---- 将资源拷贝到指定位置 ----
2025-7-7 21:06-debug: Process: heapTotal 220.09MB heapUsed 200.75MB rss 236.92MB
2025-7-7 21:06-debug: Asset Bundle(internal) handle assets: 26
2025-7-7 21:06-debug: Asset Bundle(resources) handle assets: 554
2025-7-7 21:06-debug: Asset Bundle(main) handle assets: 80
2025-7-7 21:06-debug: 将资源拷贝到指定位置 √43%
2025-7-7 21:06-log: // ---- 将分组后的 json 与散文件构建到指定位置 ----
2025-7-7 21:06-debug: 将分组后的 json 与散文件构建到指定位置 start43%
2025-7-7 21:06-debug: Process: heapTotal 220.59MB heapUsed 199.68MB rss 237.16MB
2025-7-7 21:06-debug: Json group(0cac1a735) compile success，json number: 6
2025-7-7 21:06-debug: Json group(090c05a0e) compile success，json number: 6
2025-7-7 21:06-debug: Json group(0cab45bea) compile success，json number: 6
2025-7-7 21:06-debug: Json group(0e295d91a) compile success，json number: 6
2025-7-7 21:06-debug: Json group(07fb411d6) compile success，json number: 6
2025-7-7 21:06-debug: Json group(0b9b221d8) compile success，json number: 6
2025-7-7 21:06-debug: Json group(01aea3d20) compile success，json number: 6
2025-7-7 21:06-debug: Json group(053c8f466) compile success，json number: 6
2025-7-7 21:06-debug: Json group(0f2494487) compile success，json number: 6
2025-7-7 21:06-debug: Json group(0c52e3c69) compile success，json number: 6
2025-7-7 21:06-debug: Json group(07d4cf92e) compile success，json number: 6
2025-7-7 21:06-debug: Json group(0992b45f1) compile success，json number: 6
2025-7-7 21:06-debug: Json group(0d28cbed5) compile success，json number: 6
2025-7-7 21:06-debug: Json group(05f3df92a) compile success，json number: 6
2025-7-7 21:06-debug: Json group(057958a53) compile success，json number: 6
2025-7-7 21:06-debug: Json group(0ce26a28e) compile success，json number: 6
2025-7-7 21:06-debug: Json group(0fce55781) compile success，json number: 6
2025-7-7 21:06-debug: Json group(0e8194be7) compile success，json number: 6
2025-7-7 21:06-debug: Json group(081e790f3) compile success，json number: 6
2025-7-7 21:06-debug: Json group(0c356f83c) compile success，json number: 6
2025-7-7 21:06-debug: Json group(0ee71569d) compile success，json number: 6
2025-7-7 21:06-debug: Json group(050f7616a) compile success，json number: 6
2025-7-7 21:06-debug: Json group(05c2faeee) compile success，json number: 6
2025-7-7 21:06-debug: Json group(086632640) compile success，json number: 6
2025-7-7 21:06-debug: Json group(0ed71845c) compile success，json number: 6
2025-7-7 21:06-debug: Json group(01faf5c00) compile success，json number: 6
2025-7-7 21:06-debug: Json group(03e29bf63) compile success，json number: 6
2025-7-7 21:06-debug: Json group(0371476bd) compile success，json number: 6
2025-7-7 21:06-debug: Json group(03ed5763c) compile success，json number: 6
2025-7-7 21:06-debug: Json group(05d9c3ad0) compile success，json number: 6
2025-7-7 21:06-debug: Json group(0251d5304) compile success，json number: 6
2025-7-7 21:06-debug: Json group(057603dca) compile success，json number: 6
2025-7-7 21:06-debug: Json group(02ed3f3b0) compile success，json number: 6
2025-7-7 21:06-debug: Json group(0fc39d65e) compile success，json number: 6
2025-7-7 21:06-debug: Json group(024f574d5) compile success，json number: 6
2025-7-7 21:06-debug: Json group(01a549373) compile success，json number: 6
2025-7-7 21:06-debug: Json group(0174670c0) compile success，json number: 6
2025-7-7 21:06-debug: 将分组后的 json 与散文件构建到指定位置 √50%
2025-7-7 21:06-log: // ---- 压缩 Zip Bundle ----
2025-7-7 21:06-debug: 压缩 Zip Bundle start50%
2025-7-7 21:06-debug: Process: heapTotal 210.28MB heapUsed 191.79MB rss 221.98MB
2025-7-7 21:06-debug: 压缩 Zip Bundle √57%
2025-7-7 21:06-debug: 打包脚本 start57%
2025-7-7 21:06-log: // ---- 打包脚本 ----
2025-7-7 21:06-debug: Process: heapTotal 210.28MB heapUsed 191.81MB rss 222.02MB
2025-7-7 21:06-warn: Browserslist: caniuse-lite is outdated. Please run:npx browserslist@latest --update-db
2025-7-7 21:06-warn: Browserslist: caniuse-lite is outdated. Please run:npx browserslist@latest --update-dbWhy you should do it regularly:https://github.com/browserslist/browserslist#browsers-data-updating
2025-7-7 21:06-debug: 构建项目脚本 start...57%
2025-7-7 21:06-debug: Process: heapTotal 220.75MB heapUsed 204.47MB rss 232.82MB
2025-7-7 21:06-log: Run build task(build-script) in child, see: chrome://inspect/#devices
2025-7-7 21:06-log: [build-script]enter sub process 16924, C:\ProgramData\cocos\editors\Creator\3.6.0\CocosCreator.exe,C:\ProgramData\cocos\editors\Creator\3.6.0\resources\app.asar\builtin\builder\static\sub-process-index
2025-7-7 21:06-log: [build-script]Create cjs interop url for 'file:///D:/xuhang/guan_dan/assets/scripts/proto/gameMsg.js'
2025-7-7 21:06-log: [build-script]Create cjs interop url for 'file:///D:/xuhang/guan_dan/assets/scripts/proto/gameMsg.js'
2025-7-7 21:06-log: [build-script]Create cjs interop url for 'file:///D:/xuhang/guan_dan/assets/scripts/thirdy/long/long.js'
2025-7-7 21:06-log: [build-script]Create cjs interop url for 'file:///D:/xuhang/guan_dan/assets/scripts/thirdy/long/long.js'
2025-7-7 21:06-warn: [build-script][[Build.Script.Rollup]] Circular dependency: file:///D:/xuhang/guan_dan/assets/scripts/AppGlobal.ts -> file:///D:/xuhang/guan_dan/assets/scripts/common/utils.ts -> file:///D:/xuhang/guan_dan/assets/scripts/manager/SoundManager.ts -> file:///D:/xuhang/guan_dan/assets/scripts/AppGlobal.ts[warning][[Build.Script.Rollup]] Circular dependency: file:///D:/xuhang/guan_dan/assets/scripts/common/utils.ts -> file:///D:/xuhang/guan_dan/assets/scripts/manager/SoundManager.ts -> file:///D:/xuhang/guan_dan/assets/scripts/common/utils.ts[warning][[Build.Script.Rollup]] Circular dependency: file:///D:/xuhang/guan_dan/assets/scripts/manager/GlobalData.ts -> file:///D:/xuhang/guan_dan/assets/scripts/component/raceAudition/RaceAuditionLineItem.ts -> file:///D:/xuhang/guan_dan/assets/scripts/manager/GlobalData.ts[warning][[Build.Script.Rollup]] Circular dependency: file:///D:/xuhang/guan_dan/assets/scripts/manager/GlobalData.ts -> file:///D:/xuhang/guan_dan/assets/scripts/component/raceScore/RaceScoreLineItem.ts -> file:///D:/xuhang/guan_dan/assets/scripts/manager/GlobalData.ts[warning][[Build.Script.Rollup]] Circular dependency: file:///D:/xuhang/guan_dan/assets/scripts/manager/GlobalData.ts -> file:///D:/xuhang/guan_dan/assets/scripts/manager/UIConfig.ts -> file:///D:/xuhang/guan_dan/assets/scripts/component/team/TeamItem.ts -> file:///D:/xuhang/guan_dan/assets/scripts/manager/GlobalData.ts[warning][[Build.Script.Rollup]] Circular dependency: file:///D:/xuhang/guan_dan/assets/scripts/manager/UIConfig.ts -> file:///D:/xuhang/guan_dan/assets/scripts/component/room/KeyBoardItem.ts -> file:///D:/xuhang/guan_dan/assets/scripts/manager/UIManager.ts -> file:///D:/xuhang/guan_dan/assets/scripts/manager/UIConfig.ts
2025-7-7 21:06-warn: [build-script][[Build.Script.Rollup]] Circular dependency: file:///D:/xuhang/guan_dan/assets/scripts/manager/UIConfig.ts -> file:///D:/xuhang/guan_dan/assets/scripts/component/room/KeyBoardItem.ts -> file:///D:/xuhang/guan_dan/assets/scripts/manager/UIConfig.ts[warning][[Build.Script.Rollup]] Circular dependency: file:///D:/xuhang/guan_dan/assets/scripts/manager/GlobalData.ts -> file:///D:/xuhang/guan_dan/assets/scripts/manager/UIConfig.ts -> file:///D:/xuhang/guan_dan/assets/scripts/component/room/CreateRoomItem.ts -> file:///D:/xuhang/guan_dan/assets/scripts/manager/GlobalData.ts[warning][[Build.Script.Rollup]] Circular dependency: file:///D:/xuhang/guan_dan/assets/scripts/manager/GlobalData.ts -> file:///D:/xuhang/guan_dan/assets/scripts/manager/UIConfig.ts -> file:///D:/xuhang/guan_dan/assets/scripts/component/gameEndFree/GameEndFreeItem.ts -> file:///D:/xuhang/guan_dan/assets/scripts/component/game/GameLogic.ts -> file:///D:/xuhang/guan_dan/assets/scripts/manager/GlobalData.ts[warning][[Build.Script.Rollup]] Circular dependency: file:///D:/xuhang/guan_dan/assets/scripts/manager/UIConfig.ts -> file:///D:/xuhang/guan_dan/assets/scripts/component/gameEndFree/GameEndFreeItem.ts -> file:///D:/xuhang/guan_dan/assets/scripts/manager/UIConfig.ts[warning][[Build.Script.Rollup]] Circular dependency: file:///D:/xuhang/guan_dan/assets/scripts/manager/GlobalData.ts -> file:///D:/xuhang/guan_dan/assets/scripts/manager/UIConfig.ts -> file:///D:/xuhang/guan_dan/assets/scripts/component/gameEndFree/GameEndFreeItem.ts -> file:///D:/xuhang/guan_dan/assets/scripts/manager/GlobalData.ts[warning][[Build.Script.Rollup]] Circular dependency: file:///D:/xuhang/guan_dan/assets/scripts/manager/GlobalData.ts -> file:///D:/xuhang/guan_dan/assets/scripts/manager/UIConfig.ts -> file:///D:/xuhang/guan_dan/assets/scripts/component/gameEndFree/GameEndFreeItem.ts -> file:///D:/xuhang/guan_dan/assets/scripts/manager/GameSocket.ts -> file:///D:/xuhang/guan_dan/assets/scripts/manager/GlobalData.ts[warning][[Build.Script.Rollup]] Circular dependency: file:///D:/xuhang/guan_dan/assets/scripts/manager/UIConfig.ts -> file:///D:/xuhang/guan_dan/assets/scripts/component/gameEndFree/GameEndFreeItem.ts -> file:///D:/xuhang/guan_dan/assets/scripts/manager/GameSocket.ts -> file:///D:/xuhang/guan_dan/assets/scripts/manager/UIConfig.ts[warning][[Build.Script.Rollup]] Circular dependency: file:///D:/xuhang/guan_dan/assets/scripts/manager/GlobalData.ts -> file:///D:/xuhang/guan_dan/assets/scripts/manager/UIConfig.ts -> file:///D:/xuhang/guan_dan/assets/scripts/component/gameEndScoreRank/GameEndScoreRankItem.ts -> file:///D:/xuhang/guan_dan/assets/scripts/component/rank/RankScore.ts -> file:///D:/xuhang/guan_dan/assets/scripts/component/rank/RankScorePerson.ts -> file:///D:/xuhang/guan_dan/assets/scripts/manager/GlobalData.ts[warning][[Build.Script.Rollup]] Circular dependency: file:///D:/xuhang/guan_dan/assets/scripts/manager/GlobalData.ts -> file:///D:/xuhang/guan_dan/assets/scripts/manager/UIConfig.ts -> file:///D:/xuhang/guan_dan/assets/scripts/component/gameEndScoreRank/GameEndScoreRankItem.ts -> file:///D:/xuhang/guan_dan/assets/scripts/component/rank/RankScore.ts -> file:///D:/xuhang/guan_dan/assets/scripts/component/rank/RankScoreTeam.ts -> file:///D:/xuhang/guan_dan/assets/scripts/manager/GlobalData.ts[warning][[Build.Script.Rollup]] Circular dependency: file:///D:/xuhang/guan_dan/assets/scripts/manager/GlobalData.ts -> file:///D:/xuhang/guan_dan/assets/scripts/manager/UIConfig.ts -> file:///D:/xuhang/guan_dan/assets/scripts/component/gameEndScoreRank/GameEndScoreRankItem.ts -> file:///D:/xuhang/guan_dan/assets/scripts/component/gameEndScoreRank/GameEndScoreRankPerson.ts -> file:///D:/xuhang/guan_dan/assets/scripts/manager/GlobalData.ts[warning][[Build.Script.Rollup]] Circular dependency: file:///D:/xuhang/guan_dan/assets/scripts/manager/GlobalData.ts -> file:///D:/xuhang/guan_dan/assets/scripts/manager/UIConfig.ts -> file:///D:/xuhang/guan_dan/assets/scripts/component/gameEndScoreRank/GameEndScoreRankItem.ts -> file:///D:/xuhang/guan_dan/assets/scripts/component/gameEndScoreRank/GameEndScoreRankTeam.ts -> file:///D:/xuhang/guan_dan/assets/scripts/manager/GlobalData.ts[warning][[Build.Script.Rollup]] Circular dependency: file:///D:/xuhang/guan_dan/assets/scripts/manager/GlobalData.ts -> file:///D:/xuhang/guan_dan/assets/scripts/manager/UIConfig.ts -> file:///D:/xuhang/guan_dan/assets/scripts/component/gameEndScoreRank/GameEndScoreRankItem.ts -> file:///D:/xuhang/guan_dan/assets/scripts/manager/GlobalData.ts[warning][[Build.Script.Rollup]] Circular dependency: file:///D:/xuhang/guan_dan/assets/scripts/manager/UIConfig.ts -> file:///D:/xuhang/guan_dan/assets/scripts/component/gameEndScoreRank/GameEndScoreRankItem.ts -> file:///D:/xuhang/guan_dan/assets/scripts/manager/UIConfig.ts[warning][[Build.Script.Rollup]] Circular dependency: file:///D:/xuhang/guan_dan/assets/scripts/manager/GlobalData.ts -> file:///D:/xuhang/guan_dan/assets/scripts/manager/UIConfig.ts -> file:///D:/xuhang/guan_dan/assets/scripts/component/gameEndScore/GameEndScoreItem.ts -> file:///D:/xuhang/guan_dan/assets/scripts/manager/GlobalData.ts[warning][[Build.Script.Rollup]] Circular dependency: file:///D:/xuhang/guan_dan/assets/scripts/manager/GlobalData.ts -> file:///D:/xuhang/guan_dan/assets/scripts/manager/UIConfig.ts -> file:///D:/xuhang/guan_dan/assets/scripts/component/gameEndKick/GameEndKickItem.ts -> file:///D:/xuhang/guan_dan/assets/scripts/manager/GlobalData.ts[warning][[Build.Script.Rollup]] Circular dependency: file:///D:/xuhang/guan_dan/assets/scripts/manager/UIConfig.ts -> file:///D:/xuhang/guan_dan/assets/scripts/component/gameEndKick/GameEndKickItem.ts -> file:///D:/xuhang/guan_dan/assets/scripts/manager/UIConfig.ts[warning][[Build.Script.Rollup]] Circular dependency: file:///D:/xuhang/guan_dan/assets/scripts/manager/GlobalData.ts -> file:///D:/xuhang/guan_dan/assets/scripts/manager/UIConfig.ts -> file:///D:/xuhang/guan_dan/assets/scripts/component/gameEndKickUp/GameEndKickUpItem.ts -> file:///D:/xuhang/guan_dan/assets/scripts/manager/GlobalData.ts[warning][[Build.Script.Rollup]] Circular dependency: file:///D:/xuhang/guan_dan/assets/scripts/manager/UIConfig.ts -> file:///D:/xuhang/guan_dan/assets/scripts/component/gameEndKickUp/GameEndKickUpItem.ts -> file:///D:/xuhang/guan_dan/assets/scripts/manager/UIConfig.ts[warning][[Build.Script.Rollup]] Circular dependency: file:///D:/xuhang/guan_dan/assets/scripts/manager/GlobalData.ts -> file:///D:/xuhang/guan_dan/assets/scripts/manager/UIConfig.ts -> file:///D:/xuhang/guan_dan/assets/scripts/component/teamUp/TeamUpItem.ts -> file:///D:/xuhang/guan_dan/assets/scripts/manager/GlobalData.ts[warning][[Build.Script.Rollup]] Circular dependency: file:///D:/xuhang/guan_dan/assets/scripts/AppGlobal.ts -> file:///D:/xuhang/guan_dan/assets/scripts/manager/GlobalData.ts -> file:///D:/xuhang/guan_dan/assets/scripts/manager/UIConfig.ts -> file:///D:/xuhang/guan_dan/assets/scripts/component/teamUp/TeamUpItem.ts -> file:///D:/xuhang/guan_dan/assets/scripts/AppGlobal.ts[warning][[Build.Script.Rollup]] Circular dependency: file:///D:/xuhang/guan_dan/assets/scripts/manager/GlobalData.ts -> file:///D:/xuhang/guan_dan/assets/scripts/manager/UIConfig.ts -> file:///D:/xuhang/guan_dan/assets/scripts/component/raceScore/RaceScoreItem.ts -> file:///D:/xuhang/guan_dan/assets/scripts/manager/GlobalData.ts[warning][[Build.Script.Rollup]] Circular dependency: file:///D:/xuhang/guan_dan/assets/scripts/manager/UIConfig.ts -> file:///D:/xuhang/guan_dan/assets/scripts/component/raceScore/RaceScoreItem.ts -> file:///D:/xuhang/guan_dan/assets/scripts/manager/UIConfig.ts[warning][[Build.Script.Rollup]] Circular dependency: file:///D:/xuhang/guan_dan/assets/scripts/manager/GlobalData.ts -> file:///D:/xuhang/guan_dan/assets/scripts/manager/UIConfig.ts -> file:///D:/xuhang/guan_dan/assets/scripts/component/raceKick/RaceKickItem.ts -> file:///D:/xuhang/guan_dan/assets/scripts/manager/GlobalData.ts[warning][[Build.Script.Rollup]] Circular dependency: file:///D:/xuhang/guan_dan/assets/scripts/manager/GlobalData.ts -> file:///D:/xuhang/guan_dan/assets/scripts/manager/UIConfig.ts -> file:///D:/xuhang/guan_dan/assets/scripts/component/raceKick/RaceKickItem.ts -> file:///D:/xuhang/guan_dan/assets/scripts/component/raceKick/RaceKickLineItem.ts -> file:///D:/xuhang/guan_dan/assets/scripts/manager/GlobalData.ts[warning][[Build.Script.Rollup]] Circular dependency: file:///D:/xuhang/guan_dan/assets/scripts/manager/UIConfig.ts -> file:///D:/xuhang/guan_dan/assets/scripts/component/raceKick/RaceKickItem.ts -> file:///D:/xuhang/guan_dan/assets/scripts/manager/UIConfig.ts[warning][[Build.Script.Rollup]] Circular dependency: file:///D:/xuhang/guan_dan/assets/scripts/manager/GlobalData.ts -> file:///D:/xuhang/guan_dan/assets/scripts/manager/UIConfig.ts -> file:///D:/xuhang/guan_dan/assets/scripts/component/gameStartNotice/FreeUpItem.ts -> file:///D:/xuhang/guan_dan/assets/scripts/manager/GlobalData.ts[warning][[Build.Script.Rollup]] Circular dependency: file:///D:/xuhang/guan_dan/assets/scripts/manager/GlobalData.ts -> file:///D:/xuhang/guan_dan/assets/scripts/manager/UIConfig.ts -> file:///D:/xuhang/guan_dan/assets/scripts/component/rankRace/RankRaceItem.ts -> file:///D:/xuhang/guan_dan/assets/scripts/component/rankRace/RankRaceKickItem.ts -> file:///D:/xuhang/guan_dan/assets/scripts/manager/GlobalData.ts[warning][[Build.Script.Rollup]] Circular dependency: file:///D:/xuhang/guan_dan/assets/scripts/manager/GlobalData.ts -> file:///D:/xuhang/guan_dan/assets/scripts/manager/UIConfig.ts -> file:///D:/xuhang/guan_dan/assets/scripts/component/rankRace/RankRaceItem.ts -> file:///D:/xuhang/guan_dan/assets/scripts/component/rankRace/RankRaceScoreItem.ts -> file:///D:/xuhang/guan_dan/assets/scripts/manager/GlobalData.ts[warning][[Build.Script.Rollup]] Circular dependency: file:///D:/xuhang/guan_dan/assets/scripts/manager/GlobalData.ts -> file:///D:/xuhang/guan_dan/assets/scripts/manager/UIConfig.ts -> file:///D:/xuhang/guan_dan/assets/scripts/component/rankRace/RankRaceItem.ts -> file:///D:/xuhang/guan_dan/assets/scripts/component/rankRace/RankRaceAuditionItem.ts -> file:///D:/xuhang/guan_dan/assets/scripts/manager/GlobalData.ts[warning][[Build.Script.Rollup]] Circular dependency: file:///D:/xuhang/guan_dan/assets/scripts/manager/GlobalData.ts -> file:///D:/xuhang/guan_dan/assets/scripts/manager/UIConfig.ts -> file:///D:/xuhang/guan_dan/assets/scripts/component/rank/RankKick.ts -> file:///D:/xuhang/guan_dan/assets/scripts/manager/GlobalData.ts[warning][[Build.Script.Rollup]] Circular dependency: file:///D:/xuhang/guan_dan/assets/scripts/manager/GlobalData.ts -> file:///D:/xuhang/guan_dan/assets/scripts/manager/UIConfig.ts -> file:///D:/xuhang/guan_dan/assets/scripts/component/raceAudition/RaceAuditionItem.ts -> file:///D:/xuhang/guan_dan/assets/scripts/manager/GlobalData.ts[warning][[Build.Script.Rollup]] Circular dependency: file:///D:/xuhang/guan_dan/assets/scripts/manager/GlobalData.ts -> file:///D:/xuhang/guan_dan/assets/scripts/manager/UIConfig.ts -> file:///D:/xuhang/guan_dan/assets/scripts/component/rank/RankAuditionItem.ts -> file:///D:/xuhang/guan_dan/assets/scripts/manager/GlobalData.ts[warning][[Build.Script.Rollup]] Circular dependency: file:///D:/xuhang/guan_dan/assets/scripts/manager/UIConfig.ts -> file:///D:/xuhang/guan_dan/assets/scripts/component/gameEndAudition/GameEndAuditionItem.ts -> file:///D:/xuhang/guan_dan/assets/scripts/manager/UIConfig.ts[warning][[Build.Script.Rollup]] Circular dependency: file:///D:/xuhang/guan_dan/assets/scripts/manager/GlobalData.ts -> file:///D:/xuhang/guan_dan/assets/scripts/manager/UIConfig.ts -> file:///D:/xuhang/guan_dan/assets/scripts/component/gameEndAudition/GameEndAuditionItem.ts -> file:///D:/xuhang/guan_dan/assets/scripts/manager/GlobalData.ts[warning][[Build.Script.Rollup]] Circular dependency: file:///D:/xuhang/guan_dan/assets/scripts/manager/GlobalData.ts -> file:///D:/xuhang/guan_dan/assets/scripts/manager/UIConfig.ts -> file:///D:/xuhang/guan_dan/assets/scripts/component/match/FreeMatchItem.ts -> file:///D:/xuhang/guan_dan/assets/scripts/manager/GlobalData.ts[warning][[Build.Script.Rollup]] Circular dependency: file:///D:/xuhang/guan_dan/assets/scripts/manager/GlobalData.ts -> file:///D:/xuhang/guan_dan/assets/scripts/manager/UIConfig.ts -> file:///D:/xuhang/guan_dan/assets/scripts/component/match/AuditionMatchItem.ts -> file:///D:/xuhang/guan_dan/assets/scripts/manager/GlobalData.ts
2025-7-7 21:06-warn: [build-script]Browserslist: caniuse-lite is outdated. Please run:npx browserslist@latest --update-dbWhy you should do it regularly:https://github.com/browserslist/browserslist#browsers-data-updating
2025-7-7 21:06-warn: [build-script]Unexpected: entry chunk name gameMsg.mjs_cjs=&original= is not in list.[warning]Unexpected: entry chunk name long.mjs_cjs=&original= is not in list.
2025-7-7 21:06-debug: excute-script over with build-script 9575ms
2025-7-7 21:06-debug: Copy externalScripts success!
2025-7-7 21:06-debug: 构建项目脚本 in (9693 ms) √57%
2025-7-7 21:06-debug: 构建引擎脚本 start...57%
2025-7-7 21:06-debug: Process: heapTotal 202.85MB heapUsed 194.04MB rss 217.66MB
2025-7-7 21:06-debug: Engine cache ({link(C:\Users\Windows10\AppData\Local\Temp\CocosCreator\3.6.0\builder\engine\887abe63d2655211e2cb2a8b887f36d5)}) does not exist.
2025-7-7 21:06-log: Run build task(build-engine) in child, see: chrome://inspect/#devices
2025-7-7 21:06-log: [build-engine]enter sub process 2044, C:\ProgramData\cocos\editors\Creator\3.6.0\CocosCreator.exe,C:\ProgramData\cocos\editors\Creator\3.6.0\resources\app.asar\builtin\builder\static\sub-process-index
2025-7-7 21:06-log: [build-engine]Build-engine options: {  "engine": "C:\\ProgramData\\cocos\\editors\\Creator\\3.6.0\\resources\\resources\\3d\\engine",  "platform": "HTML5",  "moduleFormat": 2,  "compress": true,  "split": false,  "ammoJsWasm": "fallback",  "assetURLFormat": "runtime-resolved",  "noDeprecatedFeatures": false,  "engineName": "cocos-js",  "sourceMaps": false,  "features": [    "2d",    "3d",    "animation",    "audio",    "base",    "gfx-webgl",    "gfx-webgl2",    "intersection-2d",    "particle-2d",    "physics-2d-builtin",    "primitive",    "profiler",    "spine",    "tween",    "ui"  ],  "loose": true,  "mode": "BUILD",  "flags": {    "DEBUG": false,    "UI_GPU_DRIVEN": false  },  "name": "cocos-js",  "incremental": "C:\\Users\\Windows10\\AppData\\Local\\Temp\\CocosCreator\\3.6.0\\builder\\engine\\887abe63d2655211e2cb2a8b887f36d5.watch-files.json",  "out": "C:\\Users\\Windows10\\AppData\\Local\\Temp\\CocosCreator\\3.6.0\\builder\\engine\\887abe63d2655211e2cb2a8b887f36d5",  "buildTimeConstants": {    "HTML5": true,    "NATIVE": false,    "WECHAT": false,    "BAIDU": false,    "XIAOMI": false,    "ALIPAY": false,    "BYTEDANCE": false,    "OPPO": false,    "VIVO": false,    "HUAWEI": false,    "COCOSPLAY": false,    "QTT": false,    "LINKSURE": false,    "EDITOR": false,    "PREVIEW": false,    "BUILD": true,    "TEST": false,    "DEBUG": false,    "SERVER_MODE": false,    "DEV": false,    "MINIGAME": false,    "RUNTIME_BASED": false,    "SUPPORT_JIT": true,    "JSB": false,    "NOT_PACK_PHYSX_LIBS": false,    "NET_MODE": 0  },  "metaFile": "C:\\Users\\Windows10\\AppData\\Local\\Temp\\CocosCreator\\3.6.0\\builder\\engine\\887abe63d2655211e2cb2a8b887f36d5.meta\\meta.json"}
2025-7-7 21:06-log: [build-engine]Module source "internal-constants":function tryDefineGlobal (name, value) {    const _global = typeof window === 'undefined' ? global : window;    if (typeof _global[name] === 'undefined') {        return (_global[name] = value);    } else {        // eslint-disable-next-line @typescript-eslint/no-unsafe-return        return _global[name];    }}export const HTML5 = true;export const NATIVE = false;export const WECHAT = false;tryDefineGlobal('CC_WECHAT', false);export const BAIDU = false;tryDefineGlobal('CC_BAIDU', false);export const XIAOMI = false;tryDefineGlobal('CC_XIAOMI', false);export const ALIPAY = false;tryDefineGlobal('CC_ALIPAY', false);export const BYTEDANCE = false;tryDefineGlobal('CC_BYTEDANCE', false);export const OPPO = false;tryDefineGlobal('CC_OPPO', false);export const VIVO = false;tryDefineGlobal('CC_VIVO', false);export const HUAWEI = false;tryDefineGlobal('CC_HUAWEI', false);export const COCOSPLAY = false;tryDefineGlobal('CC_COCOSPLAY', false);export const QTT = false;tryDefineGlobal('CC_QTT', false);export const LINKSURE = false;tryDefineGlobal('CC_LINKSURE', false);export const EDITOR = false;tryDefineGlobal('CC_EDITOR', false);export const PREVIEW = false;tryDefineGlobal('CC_PREVIEW', false);export const BUILD = true;tryDefineGlobal('CC_BUILD', true);export const TEST = false;tryDefineGlobal('CC_TEST', false);export const DEBUG = false;tryDefineGlobal('CC_DEBUG', false);export const SERVER_MODE = false;export const DEV = false;tryDefineGlobal('CC_DEV', false);export const MINIGAME = false;tryDefineGlobal('CC_MINIGAME', false);export const RUNTIME_BASED = false;tryDefineGlobal('CC_RUNTIME_BASED', false);export const SUPPORT_JIT = true;tryDefineGlobal('CC_SUPPORT_JIT', true);export const JSB = false;tryDefineGlobal('CC_JSB', false);export const NOT_PACK_PHYSX_LIBS = false;export const NET_MODE = 0;Module source "cc":export * from 'C:\\ProgramData\\cocos\\editors\\Creator\\3.6.0\\resources\\resources\\3d\\engine\\exports\\2d.ts';export * from 'C:\\ProgramData\\cocos\\editors\\Creator\\3.6.0\\resources\\resources\\3d\\engine\\exports\\3d.ts';export * from 'C:\\ProgramData\\cocos\\editors\\Creator\\3.6.0\\resources\\resources\\3d\\engine\\exports\\animation.ts';export * from 'C:\\ProgramData\\cocos\\editors\\Creator\\3.6.0\\resources\\resources\\3d\\engine\\exports\\audio.ts';export * from 'C:\\ProgramData\\cocos\\editors\\Creator\\3.6.0\\resources\\resources\\3d\\engine\\exports\\base.ts';export * from 'C:\\ProgramData\\cocos\\editors\\Creator\\3.6.0\\resources\\resources\\3d\\engine\\exports\\gfx-webgl.ts';export * from 'C:\\ProgramData\\cocos\\editors\\Creator\\3.6.0\\resources\\resources\\3d\\engine\\exports\\gfx-webgl2.ts';export * from 'C:\\ProgramData\\cocos\\editors\\Creator\\3.6.0\\resources\\resources\\3d\\engine\\exports\\intersection-2d.ts';export * from 'C:\\ProgramData\\cocos\\editors\\Creator\\3.6.0\\resources\\resources\\3d\\engine\\exports\\particle-2d.ts';export * from 'C:\\ProgramData\\cocos\\editors\\Creator\\3.6.0\\resources\\resources\\3d\\engine\\exports\\physics-2d-builtin.ts';export * from 'C:\\ProgramData\\cocos\\editors\\Creator\\3.6.0\\resources\\resources\\3d\\engine\\exports\\physics-2d-framework.ts';export * from 'C:\\ProgramData\\cocos\\editors\\Creator\\3.6.0\\resources\\resources\\3d\\engine\\exports\\primitive.ts';export * from 'C:\\ProgramData\\cocos\\editors\\Creator\\3.6.0\\resources\\resources\\3d\\engine\\exports\\profiler.ts';export * from 'C:\\ProgramData\\cocos\\editors\\Creator\\3.6.0\\resources\\resources\\3d\\engine\\exports\\spine.ts';export * from 'C:\\ProgramData\\cocos\\editors\\Creator\\3.6.0\\resources\\resources\\3d\\engine\\exports\\tween.ts';export * from 'C:\\ProgramData\\cocos\\editors\\Creator\\3.6.0\\resources\\resources\\3d\\engine\\exports\\ui.ts';
2025-7-7 21:06-warn: [build-engine]Browserslist: caniuse-lite is outdated. Please run:npx browserslist@latest --update-dbWhy you should do it regularly:https://github.com/browserslist/browserslist#browsers-data-updating
2025-7-7 21:06-log: [build-engine]Redirect module internal:native to C:\ProgramData\cocos\editors\Creator\3.6.0\resources\resources\3d\engine\cocos\native-binding\impl.ts
2025-7-7 21:06-log: [build-engine]Redirect module pal/system-info to C:\ProgramData\cocos\editors\Creator\3.6.0\resources\resources\3d\engine\pal\system-info\web\system-info.ts
2025-7-7 21:06-log: [build-engine]Redirect module pal/input to C:\ProgramData\cocos\editors\Creator\3.6.0\resources\resources\3d\engine\pal\input\web\index.ts
2025-7-7 21:06-log: [build-engine]Redirect module pal/env to C:\ProgramData\cocos\editors\Creator\3.6.0\resources\resources\3d\engine\pal\env\web\env.tsRedirect module pal/pacer to C:\ProgramData\cocos\editors\Creator\3.6.0\resources\resources\3d\engine\pal\pacer\pacer-web.ts
2025-7-7 21:06-log: [build-engine]Redirect module pal/audio to C:\ProgramData\cocos\editors\Creator\3.6.0\resources\resources\3d\engine\pal\audio\web\player.ts
2025-7-7 21:06-log: [build-engine]Redirect module pal/screen-adapter to C:\ProgramData\cocos\editors\Creator\3.6.0\resources\resources\3d\engine\pal\screen-adapter\web\screen-adapter.ts
2025-7-7 21:06-log: [build-engine]Redirect module pal/minigame to C:\ProgramData\cocos\editors\Creator\3.6.0\resources\resources\3d\engine\pal\minigame\non-minigame.ts
2025-7-7 21:06-log: [build-engine]Rollup warning 'THIS_IS_UNDEFINED' is omitted for C:\ProgramData\cocos\editors\Creator\3.6.0\resources\resources\3d\engine\cocos\spine\lib\spine-core.js
2025-7-7 21:06-log: [build-engine]Rollup warning 'THIS_IS_UNDEFINED' is omitted for C:\ProgramData\cocos\editors\Creator\3.6.0\resources\resources\3d\engine\cocos\spine\lib\spine-core.js
2025-7-7 21:06-log: [build-engine]Redirect module C:\ProgramData\cocos\editors\Creator\3.6.0\resources\resources\3d\engine\cocos\2d\renderer\native-2d.ts to C:\ProgramData\cocos\editors\Creator\3.6.0\resources\resources\3d\engine\cocos\2d\renderer\native-2d-empty.ts
2025-7-7 21:06-log: [build-engine]Redirect module C:\ProgramData\cocos\editors\Creator\3.6.0\resources\resources\3d\engine\cocos\core\animation\marionette\runtime-exports.ts to C:\ProgramData\cocos\editors\Creator\3.6.0\resources\resources\3d\engine\cocos\core\animation\marionette\index-empty.ts
2025-7-7 21:07-log: [build-engine]==== Performance ===={"# BUILD":[18147.0565,477123268,574270120],"## generate module graph":[17204.6345,463858884,561008796],"- plugin 0 (@cocos/build-engine|code-asset) - resolveId":[4.494699999999935,293272,559615044],"- plugin 1 (@cocos/build-engine|load-asset) - resolveId":[6.358099999999905,-6104984,559618404],"- plugin 1 (@cocos/build-engine|load-asset) - resolveId (async)":[25.627100000000006,3066164,559619104],"- plugin 2 (@cocos/build-engine|module-overrides) - resolveId":[5.368400000000022,276852,559621064],"- plugin 3 (virtual) - resolveId":[19.013700000000007,5154704,559629448],"load modules":[165724.9529999999,8046723568,557748596],"- plugin 0 (@cocos/build-engine|code-asset) - load":[6.547999999999993,618664,557566728],"- plugin 0 (@cocos/build-engine|code-asset) - load (async)":[1.0451999999999972,154800,557567012],"- plugin 1 (@cocos/build-engine|load-asset) - load":[1.0902999999999963,164848,557567568],"- plugin 1 (@cocos/build-engine|load-asset) - load (async)":[0.9049999999999968,151184,557567852],"- plugin 2 (@cocos/build-engine|module-overrides) - load":[4.023799999999999,222012,557568512],"- plugin 3 (virtual) - load":[0.8961999999999966,51352,557568904],"- plugin 6 (json) - transform":[4.0402000000000085,643464,557753596],"- plugin 7 (commonjs) - transform":[11.5213,561140,557756680],"- plugin 8 (babel) - transform":[231.24900000000005,4778584,557791492],"generate ast":[561.3250000000005,6630252,560829440],"analyse ast":[590.3945999999995,-222661616,559601636],"- plugin 4 (ts-paths) - resolveId":[3.6999999999999136,264048,559631016],"- plugin 5 (node-resolve) - resolveId":[30.392899999999823,4335760,559644448],"- plugin 5 (node-resolve) - resolveId (async)":[137369.992599999,3015704324,560956804],"- plugin 5 (node-resolve) - load":[0.9302999999999984,50708,557569336],"- plugin 7 (commonjs) - load":[3.0431000000000012,648420,557570820],"- plugin 8 (babel) - load":[210.10670000000056,10062368,557571212],"- plugin 8 (babel) - transform (async)":[12995.231399999991,632378540,564166976],"- plugin 7 (commonjs) - resolveId":[1.6801000000000021,32952,554102320],"- plugin 8 (babel) - resolveId":[0.7074000000000003,22992,554102712],"## sort modules":[206.3151,9281168,570290404],"## mark included statements":[735.8954,3978216,574269008],"treeshaking pass 1":[282.7188,-1467272,572774084],"treeshaking pass 2":[161.3205,556108,573330572],"treeshaking pass 3":[78.9861,2425920,575756872],"treeshaking pass 4":[54.5523,5438516,581195768],"treeshaking pass 5":[40.3322,-2013604,579182544],"treeshaking pass 6":[37.2619,-4025312,575157612],"treeshaking pass 7":[33.9451,3627660,578785652],"treeshaking pass 8":[35.9816,-4517396,574268636]}====             ====
2025-7-7 21:07-debug: excute-script over with build-engine 32267ms
2025-7-7 21:07-debug: 构建引擎脚本 in (32407 ms) √57%
2025-7-7 21:07-debug: 给所有的资源加上 MD5 后缀 start63%
2025-7-7 21:07-log: // ---- 给所有的资源加上 MD5 后缀 ----
2025-7-7 21:07-debug: Process: heapTotal 202.85MB heapUsed 194.43MB rss 217.53MB
2025-7-7 21:07-debug: 打包脚本 √63%
2025-7-7 21:07-debug: add suffix to assets(182) success!
2025-7-7 21:07-debug: 给所有的资源加上 MD5 后缀 √73%
2025-7-7 21:07-debug: Process: heapTotal 202.85MB heapUsed 194.54MB rss 218.59MB
2025-7-7 21:07-debug: 初始化 settings.json 与 config.json √74%
2025-7-7 21:07-debug: 初始化 settings.json 与 config.json start73%
2025-7-7 21:07-log: // ---- 初始化 settings.json 与 config.json ----
2025-7-7 21:07-debug: builder.tasks.settings.macro 字段未在编辑器多语言内定义
2025-7-7 21:07-debug: Process: heapTotal 202.85MB heapUsed 194.58MB rss 218.63MB
2025-7-7 21:07-log: // ---- builder.tasks.settings.macro ----
2025-7-7 21:07-debug: builder.tasks.settings.macro start74%
2025-7-7 21:07-debug: builder.tasks.settings.macro √74%
2025-7-7 21:07-debug: 整理部分构建选项内数据到 settings.json start74%
2025-7-7 21:07-log: // ---- 整理部分构建选项内数据到 settings.json ----
2025-7-7 21:07-debug: Process: heapTotal 202.85MB heapUsed 194.63MB rss 218.67MB
2025-7-7 21:07-debug: 整理部分构建选项内数据到 settings.json √75%
2025-7-7 21:07-debug: Process: heapTotal 202.85MB heapUsed 194.69MB rss 218.70MB
2025-7-7 21:07-debug: custom joint texture layouts start75%
2025-7-7 21:07-log: // ---- custom joint texture layouts ----
2025-7-7 21:07-debug: custom joint texture layouts √76%
2025-7-7 21:07-debug: Process: heapTotal 202.85MB heapUsed 194.72MB rss 218.73MB
2025-7-7 21:07-debug: custom joint physics √76%
2025-7-7 21:07-debug: custom joint physics start76%
2025-7-7 21:07-debug: 填充脚本数据到 settings.json start76%
2025-7-7 21:07-log: // ---- 填充脚本数据到 settings.json ----
2025-7-7 21:07-log: // ---- custom joint physics ----
2025-7-7 21:07-debug: Process: heapTotal 202.85MB heapUsed 194.74MB rss 218.75MB
2025-7-7 21:07-debug: 填充脚本数据到 settings.json √77%
2025-7-7 21:07-debug: Process: heapTotal 202.85MB heapUsed 194.76MB rss 218.77MB
2025-7-7 21:07-debug: 填充场景数据到 settings.json start77%
2025-7-7 21:07-log: // ---- 填充场景数据到 settings.json ----
2025-7-7 21:07-log: // ---- 整理资源分组，生成 packedAssets 以及 rawAssets 数据 ----
2025-7-7 21:07-debug: 填充场景数据到 settings.json √77%
2025-7-7 21:07-debug: Process: heapTotal 202.85MB heapUsed 194.78MB rss 218.79MB
2025-7-7 21:07-debug: 整理资源分组，生成 packedAssets 以及 rawAssets 数据 start77%
2025-7-7 21:07-debug: 从 suffixMap 生成 md5AssetsMap 到 settings.json start78%
2025-7-7 21:07-debug: 整理资源分组，生成 packedAssets 以及 rawAssets 数据 √78%
2025-7-7 21:07-log: // ---- 从 suffixMap 生成 md5AssetsMap 到 settings.json ----
2025-7-7 21:07-debug: Process: heapTotal 202.85MB heapUsed 195.07MB rss 219.09MB
2025-7-7 21:07-debug: 从 suffixMap 生成 md5AssetsMap 到 settings.json √78%
2025-7-7 21:07-debug: web-mobile:(onBeforeCompressSettings) start...78%
2025-7-7 21:07-debug: // ---- web-mobile:(onBeforeCompressSettings) ----
2025-7-7 21:07-debug: Process: heapTotal 202.85MB heapUsed 195.11MB rss 219.09MB
2025-7-7 21:07-debug: // ---- web-mobile:(onBeforeCompressSettings) success ----
2025-7-7 21:07-debug: // ---- cocos-service:(onBeforeCompressSettings) ----
2025-7-7 21:07-debug: Process: heapTotal 202.85MB heapUsed 195.13MB rss 219.12MB
2025-7-7 21:07-debug: web-mobile:(onBeforeCompressSettings)81%
2025-7-7 21:07-debug: cocos-service:(onBeforeCompressSettings) start...81%
2025-7-7 21:07-debug: // ---- cocos-service:(onBeforeCompressSettings) success ----
2025-7-7 21:07-debug: 生成 import-map.json start83%
2025-7-7 21:07-log: // ---- 生成 import-map.json ----
2025-7-7 21:07-debug: Process: heapTotal 202.85MB heapUsed 195.24MB rss 219.22MB
2025-7-7 21:07-debug: cocos-service:(onBeforeCompressSettings)83%
2025-7-7 21:07-debug: 生成 import-map.json √84%
2025-7-7 21:07-debug: 压缩 config.json 与 settings.json start84%
2025-7-7 21:07-debug: Process: heapTotal 202.85MB heapUsed 195.27MB rss 219.25MB
2025-7-7 21:07-debug: 压缩 config.json 与 settings.json √85%
2025-7-7 21:07-log: // ---- 压缩 config.json 与 settings.json ----
2025-7-7 21:07-log: // ---- 保存 config.json ----
2025-7-7 21:07-debug: Process: heapTotal 202.85MB heapUsed 195.07MB rss 218.63MB
2025-7-7 21:07-debug: 保存 config.json start85%
2025-7-7 21:07-debug: 保存 config.json √86%
2025-7-7 21:07-log: // ---- 保存 settings.json ----
2025-7-7 21:07-debug: Process: heapTotal 202.85MB heapUsed 195.35MB rss 219.13MB
2025-7-7 21:07-debug: 保存 settings.json start86%
2025-7-7 21:07-debug: 整理静态模板文件 start87%
2025-7-7 21:07-debug: 保存 settings.json √87%
2025-7-7 21:07-log: // ---- 整理静态模板文件 ----
2025-7-7 21:07-debug: Process: heapTotal 202.85MB heapUsed 194.77MB rss 218.24MB
2025-7-7 21:07-debug: 整理静态模板文件 √88%
2025-7-7 21:07-debug: cocos-service:(onAfterCompressSettings) start...88%
2025-7-7 21:07-debug: // ---- cocos-service:(onAfterCompressSettings) ----
2025-7-7 21:07-debug: Process: heapTotal 204.35MB heapUsed 195.75MB rss 221.76MB
2025-7-7 21:07-debug: // ---- cocos-service:(onAfterCompressSettings) success ----
2025-7-7 21:07-debug: cocos-service:(onAfterCompressSettings)90%
2025-7-7 21:07-debug: Process: heapTotal 204.60MB heapUsed 196.51MB rss 221.04MB
2025-7-7 21:07-debug: // ---- web-mobile:(onAfterBuild) ----
2025-7-7 21:07-debug: web-mobile:(onAfterBuild) start...90%
2025-7-7 21:07-debug: web-mobile:(onAfterBuild)92%
2025-7-7 21:07-debug: cocos-service:(onAfterBuild) start...92%
2025-7-7 21:07-debug: // ---- cocos-service:(onAfterBuild) ----
2025-7-7 21:07-debug: // ---- web-mobile:(onAfterBuild) success ----
2025-7-7 21:07-debug: Process: heapTotal 206.60MB heapUsed 196.68MB rss 221.00MB
2025-7-7 21:07-debug: // ---- cocos-service:(onAfterBuild) success ----
2025-7-7 21:07-debug: cocos-service:(onAfterBuild)94%
2025-7-7 21:07-debug: build success in 48259 ms!
2025-7-7 21:07-debug: builder:build-project-total (48259ms)
2025-7-7 21:07-debug: ================================ Build Task (web-mobile) Finished ================================
